Archive member included to satisfy reference by file (symbol)

D:\Users\Nacho\Documentos\FACULTAD\ENIB\SEN\OS\LPC55S69_OS.src\LPC55S69\mcuxpresso\libpower_hardabi.a(fsl_power_lib.o)
                              ./drivers/fsl_clock.o (POWER_SetVoltageForFreq)
d:/nxp/mcuxpressoide_11.6.0_8187/ide/plugins/com.nxp.mcuxpresso.tools.win32_11.6.0.202112161359/tools/bin/../lib/gcc/arm-none-eabi/10.3.1/thumb/v8-m.main+fp/hard\libgcc.a(_aeabi_uldivmod.o)
                              ./drivers/fsl_clock.o (__aeabi_uldivmod)
d:/nxp/mcuxpressoide_11.6.0_8187/ide/plugins/com.nxp.mcuxpresso.tools.win32_11.6.0.202112161359/tools/bin/../lib/gcc/arm-none-eabi/10.3.1/thumb/v8-m.main+fp/hard\libgcc.a(_fixunssfdi.o)
                              ./device/system_LPC55S69_cm33_core0.o (__aeabi_f2ulz)
d:/nxp/mcuxpressoide_11.6.0_8187/ide/plugins/com.nxp.mcuxpresso.tools.win32_11.6.0.202112161359/tools/bin/../lib/gcc/arm-none-eabi/10.3.1/thumb/v8-m.main+fp/hard\libgcc.a(_udivmoddi4.o)
                              d:/nxp/mcuxpressoide_11.6.0_8187/ide/plugins/com.nxp.mcuxpresso.tools.win32_11.6.0.202112161359/tools/bin/../lib/gcc/arm-none-eabi/10.3.1/thumb/v8-m.main+fp/hard\libgcc.a(_aeabi_uldivmod.o) (__udivmoddi4)
d:/nxp/mcuxpressoide_11.6.0_8187/ide/plugins/com.nxp.mcuxpresso.tools.win32_11.6.0.202112161359/tools/bin/../lib/gcc/arm-none-eabi/10.3.1/thumb/v8-m.main+fp/hard\libgcc.a(_arm_muldf3.o)
                              d:/nxp/mcuxpressoide_11.6.0_8187/ide/plugins/com.nxp.mcuxpresso.tools.win32_11.6.0.202112161359/tools/bin/../lib/gcc/arm-none-eabi/10.3.1/thumb/v8-m.main+fp/hard\libgcc.a(_fixunssfdi.o) (__aeabi_dmul)
d:/nxp/mcuxpressoide_11.6.0_8187/ide/plugins/com.nxp.mcuxpresso.tools.win32_11.6.0.202112161359/tools/bin/../lib/gcc/arm-none-eabi/10.3.1/thumb/v8-m.main+fp/hard\libgcc.a(_dvmd_tls.o)
                              d:/nxp/mcuxpressoide_11.6.0_8187/ide/plugins/com.nxp.mcuxpresso.tools.win32_11.6.0.202112161359/tools/bin/../lib/gcc/arm-none-eabi/10.3.1/thumb/v8-m.main+fp/hard\libgcc.a(_aeabi_uldivmod.o) (__aeabi_ldiv0)
d:/nxp/mcuxpressoide_11.6.0_8187/ide/plugins/com.nxp.mcuxpresso.tools.win32_11.6.0.202112161359/tools/bin/../lib/gcc/arm-none-eabi/10.3.1/thumb/v8-m.main+fp/hard\libgcc.a(_arm_addsubdf3.o)
                              d:/nxp/mcuxpressoide_11.6.0_8187/ide/plugins/com.nxp.mcuxpresso.tools.win32_11.6.0.202112161359/tools/bin/../lib/gcc/arm-none-eabi/10.3.1/thumb/v8-m.main+fp/hard\libgcc.a(_fixunssfdi.o) (__aeabi_dsub)
d:/nxp/mcuxpressoide_11.6.0_8187/ide/plugins/com.nxp.mcuxpresso.tools.win32_11.6.0.202112161359/tools/bin/../lib/gcc/arm-none-eabi/10.3.1/thumb/v8-m.main+fp/hard\libgcc.a(_arm_fixunsdfsi.o)
                              d:/nxp/mcuxpressoide_11.6.0_8187/ide/plugins/com.nxp.mcuxpresso.tools.win32_11.6.0.202112161359/tools/bin/../lib/gcc/arm-none-eabi/10.3.1/thumb/v8-m.main+fp/hard\libgcc.a(_fixunssfdi.o) (__aeabi_d2uiz)
d:/nxp/mcuxpressoide_11.6.0_8187/ide/plugins/com.nxp.mcuxpresso.tools.win32_11.6.0.202112161359/tools/bin/../lib/gcc/arm-none-eabi/10.3.1/../../../../arm-none-eabi/lib/thumb/v8-m.main+fp/hard\libc_nano.a(lib_a-assert.o)
                              ./drivers/fsl_clock.o (__assert_func)
d:/nxp/mcuxpressoide_11.6.0_8187/ide/plugins/com.nxp.mcuxpresso.tools.win32_11.6.0.202112161359/tools/bin/../lib/gcc/arm-none-eabi/10.3.1/../../../../arm-none-eabi/lib/thumb/v8-m.main+fp/hard\libc_nano.a(lib_a-ctype_.o)
                              ./device/termio.o (_ctype_)
d:/nxp/mcuxpressoide_11.6.0_8187/ide/plugins/com.nxp.mcuxpresso.tools.win32_11.6.0.202112161359/tools/bin/../lib/gcc/arm-none-eabi/10.3.1/../../../../arm-none-eabi/lib/thumb/v8-m.main+fp/hard\libc_nano.a(lib_a-errno.o)
                              ./utilities/fsl_str.o (__errno)
d:/nxp/mcuxpressoide_11.6.0_8187/ide/plugins/com.nxp.mcuxpresso.tools.win32_11.6.0.202112161359/tools/bin/../lib/gcc/arm-none-eabi/10.3.1/../../../../arm-none-eabi/lib/thumb/v8-m.main+fp/hard\libc_nano.a(lib_a-fprintf.o)
                              d:/nxp/mcuxpressoide_11.6.0_8187/ide/plugins/com.nxp.mcuxpresso.tools.win32_11.6.0.202112161359/tools/bin/../lib/gcc/arm-none-eabi/10.3.1/../../../../arm-none-eabi/lib/thumb/v8-m.main+fp/hard\libc_nano.a(lib_a-assert.o) (fiprintf)
d:/nxp/mcuxpressoide_11.6.0_8187/ide/plugins/com.nxp.mcuxpresso.tools.win32_11.6.0.202112161359/tools/bin/../lib/gcc/arm-none-eabi/10.3.1/../../../../arm-none-eabi/lib/thumb/v8-m.main+fp/hard\libc_nano.a(lib_a-impure.o)
                              d:/nxp/mcuxpressoide_11.6.0_8187/ide/plugins/com.nxp.mcuxpresso.tools.win32_11.6.0.202112161359/tools/bin/../lib/gcc/arm-none-eabi/10.3.1/../../../../arm-none-eabi/lib/thumb/v8-m.main+fp/hard\libc_nano.a(lib_a-assert.o) (_impure_ptr)
d:/nxp/mcuxpressoide_11.6.0_8187/ide/plugins/com.nxp.mcuxpresso.tools.win32_11.6.0.202112161359/tools/bin/../lib/gcc/arm-none-eabi/10.3.1/../../../../arm-none-eabi/lib/thumb/v8-m.main+fp/hard\libc_nano.a(lib_a-malloc.o)
                              ./kernel/kernel.o (malloc)
[...]
Memory Configuration

Name             Origin             Length             Attributes
PROGRAM_FLASH    0x00000000         0x00098000         xr
SRAM             0x20000000         0x00040000         xrw
SRAM4            0x20040000         0x00004000         xrw
SRAMX            0x04000000         0x00008000         xrw
USB_RAM          0x40100000         0x00004000         xrw
*default*        0x00000000         0xffffffff

Linker script and memory map

LOAD ./utilities/fsl_debug_console.o
LOAD ./utilities/fsl_str.o
LOAD ./startup/boot_multicore_slave.o
LOAD ./startup/startup_lpc55s69_cm33_core0.o
LOAD ./startup/svc.o
LOAD ./source/main.o
LOAD ./source/oslib.o
LOAD ./source/semihost_hardfault.o
LOAD ./kernel/kernel.o
LOAD ./kernel/list.o
LOAD ./drivers/fsl_clock.o
LOAD ./drivers/fsl_common.o
LOAD ./drivers/fsl_flexcomm.o
LOAD ./drivers/fsl_gpio.o
LOAD ./drivers/fsl_i2c.o
LOAD ./drivers/fsl_inputmux.o
LOAD ./drivers/fsl_pint.o
LOAD ./drivers/fsl_reset.o
LOAD ./drivers/fsl_usart.o
LOAD ./device/system_LPC55S69_cm33_core0.o
LOAD ./device/target.o
LOAD ./device/termio.o
LOAD ./device/vfs.o
LOAD ./component/uart/fsl_adapter_usart.o
LOAD ./component/serial_manager/fsl_component_serial_manager.o
LOAD ./component/serial_manager/fsl_component_serial_port_uart.o
LOAD ./component/lists/fsl_component_generic_list.o
LOAD ./board/board.o
LOAD ./board/clock_config.o
LOAD ./board/peripherals.o
LOAD ./board/pin_mux.o
LOAD ./LPC55S69/drivers/fsl_power.o
LOAD D:\Users\Nacho\Documentos\FACULTAD\ENIB\SEN\OS\LPC55S69_OS.src\LPC55S69\mcuxpresso\libpower_hardabi.a
START GROUP
LOAD d:/nxp/mcuxpressoide_11.6.0_8187/ide/plugins/com.nxp.mcuxpresso.tools.win32_11.6.0.202112161359/tools/bin/../lib/gcc/arm-none-eabi/10.3.1/thumb/v8-m.main+fp/hard\libgcc.a
LOAD d:/nxp/mcuxpressoide_11.6.0_8187/ide/plugins/com.nxp.mcuxpresso.tools.win32_11.6.0.202112161359/tools/bin/../lib/gcc/arm-none-eabi/10.3.1/../../../../arm-none-eabi/lib/thumb/v8-m.main+fp/hard\libc_nano.a
LOAD d:/nxp/mcuxpressoide_11.6.0_8187/ide/plugins/com.nxp.mcuxpresso.tools.win32_11.6.0.202112161359/tools/bin/../lib/gcc/arm-none-eabi/10.3.1/../../../../arm-none-eabi/lib/thumb/v8-m.main+fp/hard\libm.a
LOAD d:/nxp/mcuxpressoide_11.6.0_8187/ide/plugins/com.nxp.mcuxpresso.tools.win32_11.6.0.202112161359/tools/bin/../lib/gcc/arm-none-eabi/10.3.1/../../../../arm-none-eabi/lib/thumb/v8-m.main+fp/hard\libcr_newlib_semihost.a
END GROUP
                0x00000000                __base_PROGRAM_FLASH = 0x0
                0x00000000                __base_Flash = 0x0
                0x00098000                __top_PROGRAM_FLASH = 0x98000
                0x00098000                __top_Flash = 0x98000
                0x20000000                __base_SRAM = 0x20000000
                0x20000000                __base_RAM = 0x20000000
                0x20040000                __top_SRAM = 0x20040000
                0x20040000                __top_RAM = 0x20040000
                0x20040000                __base_SRAM4 = 0x20040000
                0x20040000                __base_RAM2 = 0x20040000
                0x20044000                __top_SRAM4 = 0x20044000
                0x20044000                __top_RAM2 = 0x20044000
                0x04000000                __base_SRAMX = 0x4000000
                0x04000000                __base_RAM3 = 0x4000000
                0x04008000                __top_SRAMX = 0x4008000
                0x04008000                __top_RAM3 = 0x4008000
                0x40100000                __base_USB_RAM = 0x40100000
                0x40100000                __base_RAM4 = 0x40100000
                0x40104000                __top_USB_RAM = 0x40104000
                0x40104000                __top_RAM4 = 0x40104000

.text           0x00000000     0x4210
 FILL mask 0xff
                0x00000000                __vectors_start__ = ABSOLUTE (.)
 *(SORT_BY_ALIGNMENT(.isr_vector))
 .isr_vector    0x00000000      0x130 ./startup/startup_lpc55s69_cm33_core0.o
                0x00000000                g_pfnVectors
                0x00000000                __Vectors
                0x00000130                . = ALIGN (0x4)
                0x00000130                __section_table_start = .
                0x00000130                __data_section_table = .
                0x00000130        0x4 LONG 0x4210 LOADADDR (.data)
                0x00000134        0x4 LONG 0x20000000 ADDR (.data)
                0x00000138        0x4 LONG 0x11c SIZEOF (.data)
                0x0000013c        0x4 LONG 0x4210 LOADADDR (.data_RAM2)
                0x00000140        0x4 LONG 0x20040000 ADDR (.data_RAM2)
                0x00000144        0x4 LONG 0x0 SIZEOF (.data_RAM2)
                0x00000148        0x4 LONG 0x4210 LOADADDR (.data_RAM3)
                0x0000014c        0x4 LONG 0x4000000 ADDR (.data_RAM3)
                0x00000150        0x4 LONG 0x0 SIZEOF (.data_RAM3)
                0x00000154        0x4 LONG 0x4210 LOADADDR (.data_RAM4)
                0x00000158        0x4 LONG 0x40100000 ADDR (.data_RAM4)
                0x0000015c        0x4 LONG 0x0 SIZEOF (.data_RAM4)
                0x00000160                __data_section_table_end = .
                0x00000160                __bss_section_table = .
                0x00000160        0x4 LONG 0x2000011c ADDR (.bss)
                0x00000164        0x4 LONG 0x120 SIZEOF (.bss)
                0x00000168        0x4 LONG 0x20040000 ADDR (.bss_RAM2)
                0x0000016c        0x4 LONG 0x0 SIZEOF (.bss_RAM2)
                0x00000170        0x4 LONG 0x4000000 ADDR (.bss_RAM3)
                0x00000174        0x4 LONG 0x0 SIZEOF (.bss_RAM3)
                0x00000178        0x4 LONG 0x40100000 ADDR (.bss_RAM4)
                0x0000017c        0x4 LONG 0x0 SIZEOF (.bss_RAM4)
                0x00000180                __bss_section_table_end = .
                0x00000180                __section_table_end = .
 *(SORT_BY_ALIGNMENT(.after_vectors*))
 .after_vectors.reset
                0x00000180       0x70 ./startup/startup_lpc55s69_cm33_core0.o
                0x00000180                ResetISR
 .after_vectors.init_data
                0x000001f0       0x1e ./startup/startup_lpc55s69_cm33_core0.o
                0x000001f0                data_init
 .after_vectors.init_bss
                0x0000020e       0x12 ./startup/startup_lpc55s69_cm33_core0.o
                0x0000020e                bss_init
 .after_vectors
                0x00000220       0x16 ./startup/startup_lpc55s69_cm33_core0.o
                0x00000220                NMI_Handler
                0x00000224                MemManage_Handler
                0x00000226                BusFault_Handler
                0x00000228                UsageFault_Handler
                0x0000022a                SecureFault_Handler
                0x0000022e                DebugMon_Handler
                0x00000234                Reserved56_DriverIRQHandler
                0x00000234                CTIMER2_DriverIRQHandler
                0x00000234                SEC_VIO_DriverIRQHandler
                0x00000234                IntDefaultHandler
                0x00000234                USB0_DriverIRQHandler
                0x00000234                CASER_DriverIRQHandler
                0x00000234                MRT0_DriverIRQHandler
                0x00000234                UTICK0_DriverIRQHandler
                0x00000234                Reserved41_DriverIRQHandler
                0x00000234                CTIMER4_DriverIRQHandler
                0x00000234                GINT1_DriverIRQHandler
                0x00000234                Reserved55_DriverIRQHandler
                0x00000234                HASHCRYPT_DriverIRQHandler
                0x00000234                USB0_NEEDCLK_DriverIRQHandler
                0x00000234                CTIMER0_DriverIRQHandler
                0x00000234                Reserved42_DriverIRQHandler
                0x00000234                DMA0_DriverIRQHandler
                0x00000234                PQ_DriverIRQHandler
                0x00000234                MAILBOX_DriverIRQHandler
                0x00000234                CTIMER3_DriverIRQHandler
                0x00000234                Reserved61_DriverIRQHandler
                0x00000234                PUF_DriverIRQHandler
                0x00000234                RTC_DriverIRQHandler
                0x00000234                Reserved39_DriverIRQHandler
                0x00000234                USB1_DriverIRQHandler
                0x00000234                Reserved60_DriverIRQHandler
                0x00000234                DMA1_DriverIRQHandler
                0x00000234                ADC0_DriverIRQHandler
                0x00000234                USB1_NEEDCLK_DriverIRQHandler
                0x00000234                Reserved59_DriverIRQHandler
                0x00000234                SDIO_DriverIRQHandler
                0x00000234                GINT0_DriverIRQHandler
                0x00000234                USB1_PHY_DriverIRQHandler
                0x00000234                ACMP_DriverIRQHandler
                0x00000234                Reserved57_DriverIRQHandler
                0x00000234                CTIMER1_DriverIRQHandler
                0x00000234                Reserved46_DriverIRQHandler
                0x00000234                WDT_BOD_DriverIRQHandler
                0x00000234                SCT0_DriverIRQHandler
                0x00000234                PLU_DriverIRQHandler
                0x00000234                OS_EVENT_DriverIRQHandler
                0x00000234                SEC_HYPERVISOR_CALL_DriverIRQHandler
 *(SORT_BY_ALIGNMENT(.text*))
 *fill*         0x00000236        0x2 ff
 .text.__NVIC_SetPriority
                0x00000238       0x54 ./startup/startup_lpc55s69_cm33_core0.o
 .text.PendSV_Handler
                0x0000028c       0x50 ./startup/svc.o
                0x0000028c                PendSV_Handler
 .text.code1    0x000002dc       0x34 ./source/main.o
                0x000002dc                code1
 .text.code2    0x00000310       0x34 ./source/main.o
                0x00000310                code2
 .text.code3    0x00000344       0x34 ./source/main.o
                0x00000344                code3
 .text.main     0x00000378       0x38 ./source/main.o
                0x00000378                main
 .text.__NVIC_SetPriority
                0x000003b0       0x54 ./kernel/kernel.o
 .text.SysTick_Config
                0x00000404       0x44 ./kernel/kernel.o
 .text.svc_dispatch
                0x00000448       0xf4 ./kernel/kernel.o
                0x00000448                svc_dispatch
 .text.sys_switch_ctx
                0x0000053c       0x20 ./kernel/kernel.o
                0x0000053c                sys_switch_ctx
 .text.SysTick_Handler
                0x0000055c       0x28 ./kernel/kernel.o
                0x0000055c                SysTick_Handler
 .text.sys_os_start
                0x00000584       0x48 ./kernel/kernel.o
                0x00000584                sys_os_start
 .text.sys_task_new
                0x000005cc       0xd8 ./kernel/kernel.o
                0x000005cc                sys_task_new
 .text.sys_task_kill
                0x000006a4       0x44 ./kernel/kernel.o
                0x000006a4                sys_task_kill
 .text.sys_task_id
                0x000006e8       0x28 ./kernel/kernel.o
                0x000006e8                sys_task_id
 .text.POWER_EnablePD
                0x00000710       0x20 ./drivers/fsl_clock.o
 .text.POWER_DisablePD
                0x00000730       0x20 ./drivers/fsl_clock.o
 .text.CLOCK_AttachClk
                0x00000750       0x98 ./drivers/fsl_clock.o
                0x00000750                CLOCK_AttachClk
 .text.CLOCK_SetClkDiv
                0x000007e8       0x80 ./drivers/fsl_clock.o
                0x000007e8                CLOCK_SetClkDiv
 .text.CLOCK_SetupFROClocking
                0x00000868       0x80 ./drivers/fsl_clock.o
                0x00000868                CLOCK_SetupFROClocking
 .text.CLOCK_SetFLASHAccessCyclesForFreq
                0x000008e8      0x148 ./drivers/fsl_clock.o
                0x000008e8                CLOCK_SetFLASHAccessCyclesForFreq
 .text.CLOCK_SetupExtClocking
                0x00000a30       0x50 ./drivers/fsl_clock.o
                0x00000a30                CLOCK_SetupExtClocking
 .text.CLOCK_GetFro1MFreq
                0x00000a80       0x28 ./drivers/fsl_clock.o
                0x00000a80                CLOCK_GetFro1MFreq
 .text.CLOCK_GetExtClkFreq
                0x00000aa8       0x2c ./drivers/fsl_clock.o
                0x00000aa8                CLOCK_GetExtClkFreq
 .text.CLOCK_GetOsc32KFreq
                0x00000ad4       0x58 ./drivers/fsl_clock.o
                0x00000ad4                CLOCK_GetOsc32KFreq
 .text.CLOCK_GetPLL0InClockRate
                0x00000b2c       0x64 ./drivers/fsl_clock.o
                0x00000b2c                CLOCK_GetPLL0InClockRate
 .text.CLOCK_SetPLL0Freq
                0x00000b90      0x12c ./drivers/fsl_clock.o
                0x00000b90                CLOCK_SetPLL0Freq
 .text.SDK_DelayAtLeastUs
                0x00000cbc       0xac ./drivers/fsl_common.o
                0x00000cbc                SDK_DelayAtLeastUs
 .text.FLEXCOMM0_DriverIRQHandler
                0x00000d68       0x44 ./drivers/fsl_flexcomm.o
                0x00000d68                FLEXCOMM0_DriverIRQHandler
 .text.FLEXCOMM1_DriverIRQHandler
                0x00000dac       0x44 ./drivers/fsl_flexcomm.o
                0x00000dac                FLEXCOMM1_DriverIRQHandler
 .text.FLEXCOMM2_DriverIRQHandler
                0x00000df0       0x44 ./drivers/fsl_flexcomm.o
                0x00000df0                FLEXCOMM2_DriverIRQHandler
 .text.FLEXCOMM3_DriverIRQHandler
                0x00000e34       0x44 ./drivers/fsl_flexcomm.o
                0x00000e34                FLEXCOMM3_DriverIRQHandler
 .text.FLEXCOMM4_DriverIRQHandler
                0x00000e78       0x44 ./drivers/fsl_flexcomm.o
                0x00000e78                FLEXCOMM4_DriverIRQHandler
 .text.FLEXCOMM5_DriverIRQHandler
                0x00000ebc       0x44 ./drivers/fsl_flexcomm.o
                0x00000ebc                FLEXCOMM5_DriverIRQHandler
 .text.FLEXCOMM6_DriverIRQHandler
                0x00000f00       0x44 ./drivers/fsl_flexcomm.o
                0x00000f00                FLEXCOMM6_DriverIRQHandler
 .text.FLEXCOMM7_DriverIRQHandler
                0x00000f44       0x44 ./drivers/fsl_flexcomm.o
                0x00000f44                FLEXCOMM7_DriverIRQHandler
 .text.FLEXCOMM8_DriverIRQHandler
                0x00000f88       0x48 ./drivers/fsl_flexcomm.o
                0x00000f88                FLEXCOMM8_DriverIRQHandler
 .text.GPIO_EnablePortClock
                0x00000fd0       0x44 ./drivers/fsl_gpio.o
 .text.GPIO_PortInit
                0x00001014       0x2c ./drivers/fsl_gpio.o
                0x00001014                GPIO_PortInit
 .text.__NVIC_EnableIRQ
                0x00001040       0x3c ./drivers/fsl_pint.o
 .text.__NVIC_ClearPendingIRQ
                0x0000107c       0x3c ./drivers/fsl_pint.o
 .text.PINT_Init
                0x000010b8       0xe0 ./drivers/fsl_pint.o
                0x000010b8                PINT_Init
 .text.PINT_PinInterruptConfig
                0x00001198       0xe0 ./drivers/fsl_pint.o
                0x00001198                PINT_PinInterruptConfig
 .text.PINT_EnableCallbackByIndex
                0x00001278       0x6c ./drivers/fsl_pint.o
                0x00001278                PINT_EnableCallbackByIndex
 .text.SEC_GPIO_INT0_IRQ0_DriverIRQHandler
                0x000012e4       0x48 ./drivers/fsl_pint.o
                0x000012e4                SEC_GPIO_INT0_IRQ0_DriverIRQHandler
 .text.SEC_GPIO_INT0_IRQ1_DriverIRQHandler
                0x0000132c       0x44 ./drivers/fsl_pint.o
                0x0000132c                SEC_GPIO_INT0_IRQ1_DriverIRQHandler
 .text.PIN_INT0_DriverIRQHandler
                0x00001370       0x48 ./drivers/fsl_pint.o
                0x00001370                PIN_INT0_DriverIRQHandler
 .text.PIN_INT1_DriverIRQHandler
                0x000013b8       0x48 ./drivers/fsl_pint.o
                0x000013b8                PIN_INT1_DriverIRQHandler
 .text.PIN_INT2_DriverIRQHandler
                0x00001400       0x48 ./drivers/fsl_pint.o
                0x00001400                PIN_INT2_DriverIRQHandler
 .text.PIN_INT3_DriverIRQHandler
                0x00001448       0x48 ./drivers/fsl_pint.o
                0x00001448                PIN_INT3_DriverIRQHandler
 .text.PIN_INT4_DriverIRQHandler
                0x00001490       0x48 ./drivers/fsl_pint.o
                0x00001490                PIN_INT4_DriverIRQHandler
 .text.PIN_INT5_DriverIRQHandler
                0x000014d8       0x48 ./drivers/fsl_pint.o
                0x000014d8                PIN_INT5_DriverIRQHandler
 .text.PIN_INT6_DriverIRQHandler
                0x00001520       0x48 ./drivers/fsl_pint.o
                0x00001520                PIN_INT6_DriverIRQHandler
 .text.PIN_INT7_DriverIRQHandler
                0x00001568       0x48 ./drivers/fsl_pint.o
                0x00001568                PIN_INT7_DriverIRQHandler
 .text.RESET_SetPeripheralReset
                0x000015b0       0x6c ./drivers/fsl_reset.o
                0x000015b0                RESET_SetPeripheralReset
 .text.RESET_ClearPeripheralReset
                0x0000161c       0x6c ./drivers/fsl_reset.o
                0x0000161c                RESET_ClearPeripheralReset
 .text.SystemInit
                0x00001688       0x64 ./device/system_LPC55S69_cm33_core0.o
                0x00001688                SystemInit
 .text.__NVIC_SetPriority
                0x000016ec       0x54 ./device/target.o
 .text.dev_read_test
                0x00001740       0x84 ./device/target.o
 .text.leds     0x000017c4       0x64 ./device/target.o
 .text.dev_init_leds
                0x00001828       0x58 ./device/target.o
 .text.dev_init_btn
                0x00001880       0x5c ./device/target.o
 .text.dev_init
                0x000018dc       0x74 ./device/target.o
                0x000018dc                dev_init
 .text.BOARD_InitDebugConsole
                0x00001950       0x38 ./board/board.o
                0x00001950                BOARD_InitDebugConsole
 .text.POWER_DisablePD
                0x00001988       0x20 ./board/clock_config.o
 .text.BOARD_BootClockPLL100M
                0x000019a8       0xec ./board/clock_config.o
                0x000019a8                BOARD_BootClockPLL100M
 .text.BOARD_InitPins
                0x00001a94       0xd4 ./board/pin_mux.o
                0x00001a94                BOARD_InitPins
 .text.lowpower_set_system_voltage
                0x00001b68       0xa0 D:\Users\Nacho\Documentos\FACULTAD\ENIB\SEN\OS\LPC55S69_OS.src\LPC55S69\mcuxpresso\libpower_hardabi.a(fsl_power_lib.o)
 .text.lowpower_set_voltage_for_process
                0x00001c08       0x84 D:\Users\Nacho\Documentos\FACULTAD\ENIB\SEN\OS\LPC55S69_OS.src\LPC55S69\mcuxpresso\libpower_hardabi.a(fsl_power_lib.o)
 .text.POWER_SetVoltageForFreq
                0x00001c8c       0x84 D:\Users\Nacho\Documentos\FACULTAD\ENIB\SEN\OS\LPC55S69_OS.src\LPC55S69\mcuxpresso\libpower_hardabi.a(fsl_power_lib.o)
                0x00001c8c                POWER_SetVoltageForFreq
 .text          0x00001d10       0x30 d:/nxp/mcuxpressoide_11.6.0_8187/ide/plugins/com.nxp.mcuxpresso.tools.win32_11.6.0.202112161359/tools/bin/../lib/gcc/arm-none-eabi/10.3.1/thumb/v8-m.main+fp/hard\libgcc.a(_aeabi_uldivmod.o)
                0x00001d10                __aeabi_uldivmod
 .text          0x00001d40      0x2ec d:/nxp/mcuxpressoide_11.6.0_8187/ide/plugins/com.nxp.mcuxpresso.tools.win32_11.6.0.202112161359/tools/bin/../lib/gcc/arm-none-eabi/10.3.1/thumb/v8-m.main+fp/hard\libgcc.a(_udivmoddi4.o)
                0x00001d40                __udivmoddi4
 .text          0x0000202c        0x4 d:/nxp/mcuxpressoide_11.6.0_8187/ide/plugins/com.nxp.mcuxpresso.tools.win32_11.6.0.202112161359/tools/bin/../lib/gcc/arm-none-eabi/10.3.1/thumb/v8-m.main+fp/hard\libgcc.a(_dvmd_tls.o)
                0x0000202c                __aeabi_idiv0
                0x0000202c                __aeabi_ldiv0
 .text.__assert_func
                0x00002030       0x3c d:/nxp/mcuxpressoide_11.6.0_8187/ide/plugins/com.nxp.mcuxpresso.tools.win32_11.6.0.202112161359/tools/bin/../lib/gcc/arm-none-eabi/10.3.1/../../../../arm-none-eabi/lib/thumb/v8-m.main+fp/hard\libc_nano.a(lib_a-assert.o)
                0x00002030                __assert_func
 .text.__errno  0x0000206c        0xc d:/nxp/mcuxpressoide_11.6.0_8187/ide/plugins/com.nxp.mcuxpresso.tools.win32_11.6.0.202112161359/tools/bin/../lib/gcc/arm-none-eabi/10.3.1/../../../../arm-none-eabi/lib/thumb/v8-m.main+fp/hard\libc_nano.a(lib_a-errno.o)
                0x0000206c                __errno
 .text.fprintf  0x00002078       0x24 d:/nxp/mcuxpressoide_11.6.0_8187/ide/plugins/com.nxp.mcuxpresso.tools.win32_11.6.0.202112161359/tools/bin/../lib/gcc/arm-none-eabi/10.3.1/../../../../arm-none-eabi/lib/thumb/v8-m.main+fp/hard\libc_nano.a(lib_a-fprintf.o)
                0x00002078                fiprintf
                0x00002078                fprintf
 .text.malloc   0x0000209c       0x10 d:/nxp/mcuxpressoide_11.6.0_8187/ide/plugins/com.nxp.mcuxpresso.tools.win32_11.6.0.202112161359/tools/bin/../lib/gcc/arm-none-eabi/10.3.1/../../../../arm-none-eabi/lib/thumb/v8-m.main+fp/hard\libc_nano.a(lib_a-malloc.o)
                0x0000209c                malloc
 .text.free     0x000020ac       0x10 d:/nxp/mcuxpressoide_11.6.0_8187/ide/plugins/com.nxp.mcuxpresso.tools.win32_11.6.0.202112161359/tools/bin/../lib/gcc/arm-none-eabi/10.3.1/../../../../arm-none-eabi/lib/thumb/v8-m.main+fp/hard\libc_nano.a(lib_a-malloc.o)
                0x000020ac                free
 .text._free_r  0x000020bc       0x98 d:/nxp/mcuxpressoide_11.6.0_8187/ide/plugins/com.nxp.mcuxpresso.tools.win32_11.6.0.202112161359/tools/bin/../lib/gcc/arm-none-eabi/10.3.1/../../../../arm-none-eabi/lib/thumb/v8-m.main+fp/hard\libc_nano.a(lib_a-nano-freer.o)
                0x000020bc                _free_r
 .text.sbrk_aligned
                0x00002154       0x40 d:/nxp/mcuxpressoide_11.6.0_8187/ide/plugins/com.nxp.mcuxpresso.tools.win32_11.6.0.202112161359/tools/bin/../lib/gcc/arm-none-eabi/10.3.1/../../../../arm-none-eabi/lib/thumb/v8-m.main+fp/hard\libc_nano.a(lib_a-nano-mallocr.o)
 .text._malloc_r
                0x00002194       0xe8 d:/nxp/mcuxpressoide_11.6.0_8187/ide/plugins/com.nxp.mcuxpresso.tools.win32_11.6.0.202112161359/tools/bin/../lib/gcc/arm-none-eabi/10.3.1/../../../../arm-none-eabi/lib/thumb/v8-m.main+fp/hard\libc_nano.a(lib_a-nano-mallocr.o)
                0x00002194                _malloc_r
 .text._vfprintf_r
                0x0000227c      0x260 d:/nxp/mcuxpressoide_11.6.0_8187/ide/plugins/com.nxp.mcuxpresso.tools.win32_11.6.0.202112161359/tools/bin/../lib/gcc/arm-none-eabi/10.3.1/../../../../arm-none-eabi/lib/thumb/v8-m.main+fp/hard\libc_nano.a(lib_a-nano-vfprintf.o)
                0x0000227c                _vfprintf_r
                0x0000227c                _vfiprintf_r
 .text._printf_i
                0x000024dc      0x24c d:/nxp/mcuxpressoide_11.6.0_8187/ide/plugins/com.nxp.mcuxpresso.tools.win32_11.6.0.202112161359/tools/bin/../lib/gcc/arm-none-eabi/10.3.1/../../../../arm-none-eabi/lib/thumb/v8-m.main+fp/hard\libc_nano.a(lib_a-nano-vfprintf_i.o)
                0x000024dc                _printf_i
 .text.printf   0x00002728       0x30 d:/nxp/mcuxpressoide_11.6.0_8187/ide/plugins/com.nxp.mcuxpresso.tools.win32_11.6.0.202112161359/tools/bin/../lib/gcc/arm-none-eabi/10.3.1/../../../../arm-none-eabi/lib/thumb/v8-m.main+fp/hard\libc_nano.a(lib_a-printf.o)
                0x00002728                iprintf
                0x00002728                printf
 .text._sbrk_r  0x00002758       0x20 d:/nxp/mcuxpressoide_11.6.0_8187/ide/plugins/com.nxp.mcuxpresso.tools.win32_11.6.0.202112161359/tools/bin/../lib/gcc/arm-none-eabi/10.3.1/../../../../arm-none-eabi/lib/thumb/v8-m.main+fp/hard\libc_nano.a(lib_a-sbrkr.o)
                0x00002758                _sbrk_r
 .text.__swbuf_r
                0x00002778       0xa4 d:/nxp/mcuxpressoide_11.6.0_8187/ide/plugins/com.nxp.mcuxpresso.tools.win32_11.6.0.202112161359/tools/bin/../lib/gcc/arm-none-eabi/10.3.1/../../../../arm-none-eabi/lib/thumb/v8-m.main+fp/hard\libc_nano.a(lib_a-wbuf.o)
                0x00002778                __swbuf_r
 .text.__swsetup_r
                0x0000281c       0xdc d:/nxp/mcuxpressoide_11.6.0_8187/ide/plugins/com.nxp.mcuxpresso.tools.win32_11.6.0.202112161359/tools/bin/../lib/gcc/arm-none-eabi/10.3.1/../../../../arm-none-eabi/lib/thumb/v8-m.main+fp/hard\libc_nano.a(lib_a-wsetup.o)
                0x0000281c                __swsetup_r
 .text.__sflush_r
                0x000028f8      0x108 d:/nxp/mcuxpressoide_11.6.0_8187/ide/plugins/com.nxp.mcuxpresso.tools.win32_11.6.0.202112161359/tools/bin/../lib/gcc/arm-none-eabi/10.3.1/../../../../arm-none-eabi/lib/thumb/v8-m.main+fp/hard\libc_nano.a(lib_a-fflush.o)
                0x000028f8                __sflush_r
 .text._fflush_r
                0x00002a00       0x78 d:/nxp/mcuxpressoide_11.6.0_8187/ide/plugins/com.nxp.mcuxpresso.tools.win32_11.6.0.202112161359/tools/bin/../lib/gcc/arm-none-eabi/10.3.1/../../../../arm-none-eabi/lib/thumb/v8-m.main+fp/hard\libc_nano.a(lib_a-fflush.o)
                0x00002a00                _fflush_r
 .text.std      0x00002a78       0x48 d:/nxp/mcuxpressoide_11.6.0_8187/ide/plugins/com.nxp.mcuxpresso.tools.win32_11.6.0.202112161359/tools/bin/../lib/gcc/arm-none-eabi/10.3.1/../../../../arm-none-eabi/lib/thumb/v8-m.main+fp/hard\libc_nano.a(lib_a-findfp.o)
 .text._cleanup_r
                0x00002ac0        0xc d:/nxp/mcuxpressoide_11.6.0_8187/ide/plugins/com.nxp.mcuxpresso.tools.win32_11.6.0.202112161359/tools/bin/../lib/gcc/arm-none-eabi/10.3.1/../../../../arm-none-eabi/lib/thumb/v8-m.main+fp/hard\libc_nano.a(lib_a-findfp.o)
                0x00002ac0                _cleanup_r
 .text.__sfp_lock_acquire
                0x00002acc        0xc d:/nxp/mcuxpressoide_11.6.0_8187/ide/plugins/com.nxp.mcuxpresso.tools.win32_11.6.0.202112161359/tools/bin/../lib/gcc/arm-none-eabi/10.3.1/../../../../arm-none-eabi/lib/thumb/v8-m.main+fp/hard\libc_nano.a(lib_a-findfp.o)
                0x00002acc                __sfp_lock_acquire
 .text.__sfp_lock_release
                0x00002ad8        0xc d:/nxp/mcuxpressoide_11.6.0_8187/ide/plugins/com.nxp.mcuxpresso.tools.win32_11.6.0.202112161359/tools/bin/../lib/gcc/arm-none-eabi/10.3.1/../../../../arm-none-eabi/lib/thumb/v8-m.main+fp/hard\libc_nano.a(lib_a-findfp.o)
                0x00002ad8                __sfp_lock_release
 .text.__sinit_lock_acquire
                0x00002ae4        0xc d:/nxp/mcuxpressoide_11.6.0_8187/ide/plugins/com.nxp.mcuxpresso.tools.win32_11.6.0.202112161359/tools/bin/../lib/gcc/arm-none-eabi/10.3.1/../../../../arm-none-eabi/lib/thumb/v8-m.main+fp/hard\libc_nano.a(lib_a-findfp.o)
                0x00002ae4                __sinit_lock_acquire
 .text.__sinit_lock_release
                0x00002af0        0xc d:/nxp/mcuxpressoide_11.6.0_8187/ide/plugins/com.nxp.mcuxpresso.tools.win32_11.6.0.202112161359/tools/bin/../lib/gcc/arm-none-eabi/10.3.1/../../../../arm-none-eabi/lib/thumb/v8-m.main+fp/hard\libc_nano.a(lib_a-findfp.o)
                0x00002af0                __sinit_lock_release
 .text.__sinit  0x00002afc       0x70 d:/nxp/mcuxpressoide_11.6.0_8187/ide/plugins/com.nxp.mcuxpresso.tools.win32_11.6.0.202112161359/tools/bin/../lib/gcc/arm-none-eabi/10.3.1/../../../../arm-none-eabi/lib/thumb/v8-m.main+fp/hard\libc_nano.a(lib_a-findfp.o)
                0x00002afc                __sinit
 .text.__sfp    0x00002b6c       0x8c d:/nxp/mcuxpressoide_11.6.0_8187/ide/plugins/com.nxp.mcuxpresso.tools.win32_11.6.0.202112161359/tools/bin/../lib/gcc/arm-none-eabi/10.3.1/../../../../arm-none-eabi/lib/thumb/v8-m.main+fp/hard\libc_nano.a(lib_a-findfp.o)
                0x00002b6c                __sfp
 .text.__smakebuf_r
                0x00002bf8       0x80 d:/nxp/mcuxpressoide_11.6.0_8187/ide/plugins/com.nxp.mcuxpresso.tools.win32_11.6.0.202112161359/tools/bin/../lib/gcc/arm-none-eabi/10.3.1/../../../../arm-none-eabi/lib/thumb/v8-m.main+fp/hard\libc_nano.a(lib_a-makebuf.o)
                0x00002bf8                __smakebuf_r
 .text.__malloc_lock
                0x00002c78        0xc d:/nxp/mcuxpressoide_11.6.0_8187/ide/plugins/com.nxp.mcuxpresso.tools.win32_11.6.0.202112161359/tools/bin/../lib/gcc/arm-none-eabi/10.3.1/../../../../arm-none-eabi/lib/thumb/v8-m.main+fp/hard\libc_nano.a(lib_a-mlock.o)
                0x00002c78                __malloc_lock
 .text.__malloc_unlock
                0x00002c84        0xc d:/nxp/mcuxpressoide_11.6.0_8187/ide/plugins/com.nxp.mcuxpresso.tools.win32_11.6.0.202112161359/tools/bin/../lib/gcc/arm-none-eabi/10.3.1/../../../../arm-none-eabi/lib/thumb/v8-m.main+fp/hard\libc_nano.a(lib_a-mlock.o)
                0x00002c84                __malloc_unlock
 .text.raise    0x00002c90       0x10 d:/nxp/mcuxpressoide_11.6.0_8187/ide/plugins/com.nxp.mcuxpresso.tools.win32_11.6.0.202112161359/tools/bin/../lib/gcc/arm-none-eabi/10.3.1/../../../../arm-none-eabi/lib/thumb/v8-m.main+fp/hard\libc_nano.a(lib_a-signal.o)
                0x00002c90                raise
 .text._kill_r  0x00002ca0       0x24 d:/nxp/mcuxpressoide_11.6.0_8187/ide/plugins/com.nxp.mcuxpresso.tools.win32_11.6.0.202112161359/tools/bin/../lib/gcc/arm-none-eabi/10.3.1/../../../../arm-none-eabi/lib/thumb/v8-m.main+fp/hard\libc_nano.a(lib_a-signalr.o)
                0x00002ca0                _kill_r
 .text._write_r
                0x00002cc4       0x24 d:/nxp/mcuxpressoide_11.6.0_8187/ide/plugins/com.nxp.mcuxpresso.tools.win32_11.6.0.202112161359/tools/bin/../lib/gcc/arm-none-eabi/10.3.1/../../../../arm-none-eabi/lib/thumb/v8-m.main+fp/hard\libc_nano.a(lib_a-writer.o)
                0x00002cc4                _write_r
 .text._close_r
                0x00002ce8       0x20 d:/nxp/mcuxpressoide_11.6.0_8187/ide/plugins/com.nxp.mcuxpresso.tools.win32_11.6.0.202112161359/tools/bin/../lib/gcc/arm-none-eabi/10.3.1/../../../../arm-none-eabi/lib/thumb/v8-m.main+fp/hard\libc_nano.a(lib_a-closer.o)
                0x00002ce8                _close_r
 .text._fstat_r
                0x00002d08       0x24 d:/nxp/mcuxpressoide_11.6.0_8187/ide/plugins/com.nxp.mcuxpresso.tools.win32_11.6.0.202112161359/tools/bin/../lib/gcc/arm-none-eabi/10.3.1/../../../../arm-none-eabi/lib/thumb/v8-m.main+fp/hard\libc_nano.a(lib_a-fstatr.o)
                0x00002d08                _fstat_r
 .text._isatty_r
                0x00002d2c       0x20 d:/nxp/mcuxpressoide_11.6.0_8187/ide/plugins/com.nxp.mcuxpresso.tools.win32_11.6.0.202112161359/tools/bin/../lib/gcc/arm-none-eabi/10.3.1/../../../../arm-none-eabi/lib/thumb/v8-m.main+fp/hard\libc_nano.a(lib_a-isattyr.o)
                0x00002d2c                _isatty_r
 .text._lseek_r
                0x00002d4c       0x24 d:/nxp/mcuxpressoide_11.6.0_8187/ide/plugins/com.nxp.mcuxpresso.tools.win32_11.6.0.202112161359/tools/bin/../lib/gcc/arm-none-eabi/10.3.1/../../../../arm-none-eabi/lib/thumb/v8-m.main+fp/hard\libc_nano.a(lib_a-lseekr.o)
                0x00002d4c                _lseek_r
 .text._read_r  0x00002d70       0x24 d:/nxp/mcuxpressoide_11.6.0_8187/ide/plugins/com.nxp.mcuxpresso.tools.win32_11.6.0.202112161359/tools/bin/../lib/gcc/arm-none-eabi/10.3.1/../../../../arm-none-eabi/lib/thumb/v8-m.main+fp/hard\libc_nano.a(lib_a-readr.o)
                0x00002d70                _read_r
 .text._sbrk    0x00002d94       0x3c d:/nxp/mcuxpressoide_11.6.0_8187/ide/plugins/com.nxp.mcuxpresso.tools.win32_11.6.0.202112161359/tools/bin/../lib/gcc/arm-none-eabi/10.3.1/../../../../arm-none-eabi/lib/thumb/v8-m.main+fp/hard\libcr_newlib_semihost.a(_cr_sbrk.o)
                0x00002d94                _sbrk
 .text._kill    0x00002dd0       0x20 d:/nxp/mcuxpressoide_11.6.0_8187/ide/plugins/com.nxp.mcuxpresso.tools.win32_11.6.0.202112161359/tools/bin/../lib/gcc/arm-none-eabi/10.3.1/../../../../arm-none-eabi/lib/thumb/v8-m.main+fp/hard\libcr_newlib_semihost.a(_kill.o)
                0x00002dd0                _kill
 .text.initialise_monitor_handles.part.0
                0x00002df0       0xa4 d:/nxp/mcuxpressoide_11.6.0_8187/ide/plugins/com.nxp.mcuxpresso.tools.win32_11.6.0.202112161359/tools/bin/../lib/gcc/arm-none-eabi/10.3.1/../../../../arm-none-eabi/lib/thumb/v8-m.main+fp/hard\libcr_newlib_semihost.a(syscalls.o)
 .text.findslot
                0x00002e94       0x30 d:/nxp/mcuxpressoide_11.6.0_8187/ide/plugins/com.nxp.mcuxpresso.tools.win32_11.6.0.202112161359/tools/bin/../lib/gcc/arm-none-eabi/10.3.1/../../../../arm-none-eabi/lib/thumb/v8-m.main+fp/hard\libcr_newlib_semihost.a(syscalls.o)
 .text._close   0x00002ec4       0x4c d:/nxp/mcuxpressoide_11.6.0_8187/ide/plugins/com.nxp.mcuxpresso.tools.win32_11.6.0.202112161359/tools/bin/../lib/gcc/arm-none-eabi/10.3.1/../../../../arm-none-eabi/lib/thumb/v8-m.main+fp/hard\libcr_newlib_semihost.a(syscalls.o)
                0x00002ec4                _close
 .text.__check_heap_overflow
                0x00002f10       0x18 d:/nxp/mcuxpressoide_11.6.0_8187/ide/plugins/com.nxp.mcuxpresso.tools.win32_11.6.0.202112161359/tools/bin/../lib/gcc/arm-none-eabi/10.3.1/../../../../arm-none-eabi/lib/thumb/v8-m.main+fp/hard\libcr_newlib_semihost.a(_cr_check_heap.o)
                0x00002f10                __check_heap_overflow
 .text.WDT_BOD_IRQHandler
                0x00002f28        0x8 ./startup/startup_lpc55s69_cm33_core0.o
                0x00002f28                WDT_BOD_IRQHandler
 .text.DMA0_IRQHandler
                0x00002f30        0x8 ./startup/startup_lpc55s69_cm33_core0.o
                0x00002f30                DMA0_IRQHandler
 .text.GINT0_IRQHandler
                0x00002f38        0x8 ./startup/startup_lpc55s69_cm33_core0.o
                0x00002f38                GINT0_IRQHandler
 .text.GINT1_IRQHandler
                0x00002f40        0x8 ./startup/startup_lpc55s69_cm33_core0.o
                0x00002f40                GINT1_IRQHandler
 .text.PIN_INT0_IRQHandler
                0x00002f48        0x8 ./startup/startup_lpc55s69_cm33_core0.o
                0x00002f48                PIN_INT0_IRQHandler
 .text.PIN_INT1_IRQHandler
                0x00002f50        0x8 ./startup/startup_lpc55s69_cm33_core0.o
                0x00002f50                PIN_INT1_IRQHandler
 .text.PIN_INT2_IRQHandler
                0x00002f58        0x8 ./startup/startup_lpc55s69_cm33_core0.o
                0x00002f58                PIN_INT2_IRQHandler
 .text.PIN_INT3_IRQHandler
                0x00002f60        0x8 ./startup/startup_lpc55s69_cm33_core0.o
                0x00002f60                PIN_INT3_IRQHandler
 .text.UTICK0_IRQHandler
                0x00002f68        0x8 ./startup/startup_lpc55s69_cm33_core0.o
                0x00002f68                UTICK0_IRQHandler
 .text.MRT0_IRQHandler
                0x00002f70        0x8 ./startup/startup_lpc55s69_cm33_core0.o
                0x00002f70                MRT0_IRQHandler
 .text.CTIMER0_IRQHandler
                0x00002f78        0x8 ./startup/startup_lpc55s69_cm33_core0.o
                0x00002f78                CTIMER0_IRQHandler
 .text.CTIMER1_IRQHandler
                0x00002f80        0x8 ./startup/startup_lpc55s69_cm33_core0.o
                0x00002f80                CTIMER1_IRQHandler
 .text.SCT0_IRQHandler
                0x00002f88        0x8 ./startup/startup_lpc55s69_cm33_core0.o
                0x00002f88                SCT0_IRQHandler
 .text.CTIMER3_IRQHandler
                0x00002f90        0x8 ./startup/startup_lpc55s69_cm33_core0.o
                0x00002f90                CTIMER3_IRQHandler
 .text.FLEXCOMM0_IRQHandler
                0x00002f98        0x8 ./startup/startup_lpc55s69_cm33_core0.o
                0x00002f98                FLEXCOMM0_IRQHandler
 .text.FLEXCOMM1_IRQHandler
                0x00002fa0        0x8 ./startup/startup_lpc55s69_cm33_core0.o
                0x00002fa0                FLEXCOMM1_IRQHandler
 .text.FLEXCOMM2_IRQHandler
                0x00002fa8        0x8 ./startup/startup_lpc55s69_cm33_core0.o
                0x00002fa8                FLEXCOMM2_IRQHandler
 .text.FLEXCOMM3_IRQHandler
                0x00002fb0        0x8 ./startup/startup_lpc55s69_cm33_core0.o
                0x00002fb0                FLEXCOMM3_IRQHandler
 .text.FLEXCOMM4_IRQHandler
                0x00002fb8        0x8 ./startup/startup_lpc55s69_cm33_core0.o
                0x00002fb8                FLEXCOMM4_IRQHandler
 .text.FLEXCOMM5_IRQHandler
                0x00002fc0        0x8 ./startup/startup_lpc55s69_cm33_core0.o
                0x00002fc0                FLEXCOMM5_IRQHandler
 .text.FLEXCOMM6_IRQHandler
                0x00002fc8        0x8 ./startup/startup_lpc55s69_cm33_core0.o
                0x00002fc8                FLEXCOMM6_IRQHandler
 .text.FLEXCOMM7_IRQHandler
                0x00002fd0        0x8 ./startup/startup_lpc55s69_cm33_core0.o
                0x00002fd0                FLEXCOMM7_IRQHandler
 .text.ADC0_IRQHandler
                0x00002fd8        0x8 ./startup/startup_lpc55s69_cm33_core0.o
                0x00002fd8                ADC0_IRQHandler
 .text.Reserved39_IRQHandler
                0x00002fe0        0x8 ./startup/startup_lpc55s69_cm33_core0.o
                0x00002fe0                Reserved39_IRQHandler
 .text.ACMP_IRQHandler
                0x00002fe8        0x8 ./startup/startup_lpc55s69_cm33_core0.o
                0x00002fe8                ACMP_IRQHandler
 .text.Reserved41_IRQHandler
                0x00002ff0        0x8 ./startup/startup_lpc55s69_cm33_core0.o
                0x00002ff0                Reserved41_IRQHandler
 .text.Reserved42_IRQHandler
                0x00002ff8        0x8 ./startup/startup_lpc55s69_cm33_core0.o
                0x00002ff8                Reserved42_IRQHandler
 .text.USB0_NEEDCLK_IRQHandler
                0x00003000        0x8 ./startup/startup_lpc55s69_cm33_core0.o
                0x00003000                USB0_NEEDCLK_IRQHandler
 .text.USB0_IRQHandler
                0x00003008        0x8 ./startup/startup_lpc55s69_cm33_core0.o
                0x00003008                USB0_IRQHandler
 .text.RTC_IRQHandler
                0x00003010        0x8 ./startup/startup_lpc55s69_cm33_core0.o
                0x00003010                RTC_IRQHandler
 .text.Reserved46_IRQHandler
                0x00003018        0x8 ./startup/startup_lpc55s69_cm33_core0.o
                0x00003018                Reserved46_IRQHandler
 .text.MAILBOX_IRQHandler
                0x00003020        0x8 ./startup/startup_lpc55s69_cm33_core0.o
                0x00003020                MAILBOX_IRQHandler
 .text.PIN_INT4_IRQHandler
                0x00003028        0x8 ./startup/startup_lpc55s69_cm33_core0.o
                0x00003028                PIN_INT4_IRQHandler
 .text.PIN_INT5_IRQHandler
                0x00003030        0x8 ./startup/startup_lpc55s69_cm33_core0.o
                0x00003030                PIN_INT5_IRQHandler
 .text.PIN_INT6_IRQHandler
                0x00003038        0x8 ./startup/startup_lpc55s69_cm33_core0.o
                0x00003038                PIN_INT6_IRQHandler
 .text.PIN_INT7_IRQHandler
                0x00003040        0x8 ./startup/startup_lpc55s69_cm33_core0.o
                0x00003040                PIN_INT7_IRQHandler
 .text.CTIMER2_IRQHandler
                0x00003048        0x8 ./startup/startup_lpc55s69_cm33_core0.o
                0x00003048                CTIMER2_IRQHandler
 .text.CTIMER4_IRQHandler
                0x00003050        0x8 ./startup/startup_lpc55s69_cm33_core0.o
                0x00003050                CTIMER4_IRQHandler
 .text.OS_EVENT_IRQHandler
                0x00003058        0x8 ./startup/startup_lpc55s69_cm33_core0.o
                0x00003058                OS_EVENT_IRQHandler
 .text.Reserved55_IRQHandler
                0x00003060        0x8 ./startup/startup_lpc55s69_cm33_core0.o
                0x00003060                Reserved55_IRQHandler
 .text.Reserved56_IRQHandler
                0x00003068        0x8 ./startup/startup_lpc55s69_cm33_core0.o
                0x00003068                Reserved56_IRQHandler
 .text.Reserved57_IRQHandler
                0x00003070        0x8 ./startup/startup_lpc55s69_cm33_core0.o
                0x00003070                Reserved57_IRQHandler
 .text.SDIO_IRQHandler
                0x00003078        0x8 ./startup/startup_lpc55s69_cm33_core0.o
                0x00003078                SDIO_IRQHandler
 .text.Reserved59_IRQHandler
                0x00003080        0x8 ./startup/startup_lpc55s69_cm33_core0.o
                0x00003080                Reserved59_IRQHandler
 .text.Reserved60_IRQHandler
                0x00003088        0x8 ./startup/startup_lpc55s69_cm33_core0.o
                0x00003088                Reserved60_IRQHandler
 .text.Reserved61_IRQHandler
                0x00003090        0x8 ./startup/startup_lpc55s69_cm33_core0.o
                0x00003090                Reserved61_IRQHandler
 .text.USB1_PHY_IRQHandler
                0x00003098        0x8 ./startup/startup_lpc55s69_cm33_core0.o
                0x00003098                USB1_PHY_IRQHandler
 .text.USB1_IRQHandler
                0x000030a0        0x8 ./startup/startup_lpc55s69_cm33_core0.o
                0x000030a0                USB1_IRQHandler
 .text.USB1_NEEDCLK_IRQHandler
                0x000030a8        0x8 ./startup/startup_lpc55s69_cm33_core0.o
                0x000030a8                USB1_NEEDCLK_IRQHandler
 .text.SEC_HYPERVISOR_CALL_IRQHandler
                0x000030b0        0x8 ./startup/startup_lpc55s69_cm33_core0.o
                0x000030b0                SEC_HYPERVISOR_CALL_IRQHandler
 .text.SEC_GPIO_INT0_IRQ0_IRQHandler
                0x000030b8        0x8 ./startup/startup_lpc55s69_cm33_core0.o
                0x000030b8                SEC_GPIO_INT0_IRQ0_IRQHandler
 .text.SEC_GPIO_INT0_IRQ1_IRQHandler
                0x000030c0        0x8 ./startup/startup_lpc55s69_cm33_core0.o
                0x000030c0                SEC_GPIO_INT0_IRQ1_IRQHandler
 .text.PLU_IRQHandler
                0x000030c8        0x8 ./startup/startup_lpc55s69_cm33_core0.o
                0x000030c8                PLU_IRQHandler
 .text.SEC_VIO_IRQHandler
                0x000030d0        0x8 ./startup/startup_lpc55s69_cm33_core0.o
                0x000030d0                SEC_VIO_IRQHandler
 .text.HASHCRYPT_IRQHandler
                0x000030d8        0x8 ./startup/startup_lpc55s69_cm33_core0.o
                0x000030d8                HASHCRYPT_IRQHandler
 .text.CASER_IRQHandler
                0x000030e0        0x8 ./startup/startup_lpc55s69_cm33_core0.o
                0x000030e0                CASER_IRQHandler
 .text.PUF_IRQHandler
                0x000030e8        0x8 ./startup/startup_lpc55s69_cm33_core0.o
                0x000030e8                PUF_IRQHandler
 .text.PQ_IRQHandler
                0x000030f0        0x8 ./startup/startup_lpc55s69_cm33_core0.o
                0x000030f0                PQ_IRQHandler
 .text.DMA1_IRQHandler
                0x000030f8        0x8 ./startup/startup_lpc55s69_cm33_core0.o
                0x000030f8                DMA1_IRQHandler
 .text.FLEXCOMM8_IRQHandler
                0x00003100        0x8 ./startup/startup_lpc55s69_cm33_core0.o
                0x00003100                FLEXCOMM8_IRQHandler
 .text.SVC_Handler
                0x00003108       0x24 ./startup/svc.o
                0x00003108                SVC_Handler
 .text.os_start
                0x0000312c       0x10 ./source/oslib.o
                0x0000312c                os_start
 .text.task_new
                0x0000313c       0x1e ./source/oslib.o
                0x0000313c                task_new
 .text.task_id  0x0000315a       0x1a ./source/oslib.o
                0x0000315a                task_id
 .text.task_kill
                0x00003174       0x10 ./source/oslib.o
                0x00003174                task_kill
 .text.sem_new  0x00003184       0x16 ./source/oslib.o
                0x00003184                sem_new
 .text.sem_p    0x0000319a       0x14 ./source/oslib.o
                0x0000319a                sem_p
 .text.sem_v    0x000031ae       0x14 ./source/oslib.o
                0x000031ae                sem_v
 .text.HardFault_Handler
                0x000031c2       0x2c ./source/semihost_hardfault.o
                0x000031c2                HardFault_Handler
 .text.sys_add  0x000031ee       0x1c ./kernel/kernel.o
                0x000031ee                sys_add
 .text.sys_tick_cb
                0x0000320a        0xe ./kernel/kernel.o
                0x0000320a                sys_tick_cb
 .text.sys_task_wait
                0x00003218       0x18 ./kernel/kernel.o
                0x00003218                sys_task_wait
 .text.sys_sem_new
                0x00003230       0x16 ./kernel/kernel.o
                0x00003230                sys_sem_new
 .text.sys_sem_p
                0x00003246       0x18 ./kernel/kernel.o
                0x00003246                sys_sem_p
 .text.sys_sem_v
                0x0000325e       0x18 ./kernel/kernel.o
                0x0000325e                sys_sem_v
 .text.list_remove_head
                0x00003276       0x58 ./kernel/list.o
                0x00003276                list_remove_head
 .text.list_insert_tail
                0x000032ce       0x4a ./kernel/list.o
                0x000032ce                list_insert_tail
 .text.CLOCK_IsPLL0Locked
                0x00003318       0x24 ./drivers/fsl_clock.o
 .text.findPll0PreDiv
                0x0000333c       0x3e ./drivers/fsl_clock.o
 .text.DelayLoop
                0x0000337a       0x20 ./drivers/fsl_common.o
 .text.CLOCK_EnableClock
                0x0000339a       0x30 ./drivers/fsl_gpio.o
 .text.GPIO_PinInit
                0x000033ca       0xa4 ./drivers/fsl_gpio.o
                0x000033ca                GPIO_PinInit
 .text.CLOCK_EnableClock
                0x0000346e       0x30 ./drivers/fsl_inputmux.o
 .text.CLOCK_DisableClock
                0x0000349e       0x30 ./drivers/fsl_inputmux.o
 .text.INPUTMUX_Init
                0x000034ce       0x16 ./drivers/fsl_inputmux.o
                0x000034ce                INPUTMUX_Init
 .text.INPUTMUX_AttachSignal
                0x000034e4       0x38 ./drivers/fsl_inputmux.o
                0x000034e4                INPUTMUX_AttachSignal
 .text.INPUTMUX_Deinit
                0x0000351c       0x16 ./drivers/fsl_inputmux.o
                0x0000351c                INPUTMUX_Deinit
 .text.CLOCK_EnableClock
                0x00003532       0x30 ./drivers/fsl_pint.o
 .text.EnableIRQ
                0x00003562       0x32 ./drivers/fsl_pint.o
 .text.PINT_PinInterruptClrFallFlag
                0x00003594       0x22 ./drivers/fsl_pint.o
 .text.PINT_PinInterruptClrRiseFlag
                0x000035b6       0x22 ./drivers/fsl_pint.o
 .text.PINT_PatternMatchResetDetectLogic
                0x000035d8       0x34 ./drivers/fsl_pint.o
                0x000035d8                PINT_PatternMatchResetDetectLogic
 .text.PINT_PinInterruptClrStatus
                0x0000360c       0x4e ./drivers/fsl_pint.o
                0x0000360c                PINT_PinInterruptClrStatus
 .text.RESET_PeripheralReset
                0x0000365a       0x1c ./drivers/fsl_reset.o
                0x0000365a                RESET_PeripheralReset
 .text.SystemInitHook
                0x00003676        0xe ./device/system_LPC55S69_cm33_core0.o
                0x00003676                SystemInitHook
 .text.GPIO_PinWrite
                0x00003684       0x2a ./device/target.o
 .text.dev_init_test
                0x000036ae       0x2a ./device/target.o
 .text.dev_open_test
                0x000036d8       0x50 ./device/target.o
 .text.dev_close_test
                0x00003728       0x34 ./device/target.o
 .text.on_swuser_cb
                0x0000375c       0x18 ./device/target.o
 .text.DbgConsole_Init
                0x00003774       0x20 ./board/board.o
 .text.BOARD_InitBootClocks
                0x00003794        0xc ./board/clock_config.o
                0x00003794                BOARD_InitBootClocks
 .text.BOARD_InitPeripherals
                0x000037a0        0xe ./board/peripherals.o
                0x000037a0                BOARD_InitPeripherals
 .text.BOARD_InitBootPeripherals
                0x000037ae        0xc ./board/peripherals.o
                0x000037ae                BOARD_InitBootPeripherals
 .text.Chip_GetVersion
                0x000037ba       0x36 ./board/pin_mux.o
 .text.CLOCK_EnableClock
                0x000037f0       0x30 ./board/pin_mux.o
 .text.IOCON_PinMuxSet
                0x00003820       0x2e ./board/pin_mux.o
 .text.BOARD_InitBootPins
                0x0000384e        0xc ./board/pin_mux.o
                0x0000384e                BOARD_InitBootPins
 .text.memcpy   0x0000385a       0x1a d:/nxp/mcuxpressoide_11.6.0_8187/ide/plugins/com.nxp.mcuxpresso.tools.win32_11.6.0.202112161359/tools/bin/../lib/gcc/arm-none-eabi/10.3.1/../../../../arm-none-eabi/lib/thumb/v8-m.main+fp/hard\libc_nano.a(lib_a-memcpy-stub.o)
                0x0000385a                memcpy
 .text.memset   0x00003874       0x10 d:/nxp/mcuxpressoide_11.6.0_8187/ide/plugins/com.nxp.mcuxpresso.tools.win32_11.6.0.202112161359/tools/bin/../lib/gcc/arm-none-eabi/10.3.1/../../../../arm-none-eabi/lib/thumb/v8-m.main+fp/hard\libc_nano.a(lib_a-memset.o)
                0x00003874                memset
 .text.__sfputc_r
                0x00003884       0x2e d:/nxp/mcuxpressoide_11.6.0_8187/ide/plugins/com.nxp.mcuxpresso.tools.win32_11.6.0.202112161359/tools/bin/../lib/gcc/arm-none-eabi/10.3.1/../../../../arm-none-eabi/lib/thumb/v8-m.main+fp/hard\libc_nano.a(lib_a-nano-vfprintf.o)
 .text.__sfputs_r
                0x000038b2       0x24 d:/nxp/mcuxpressoide_11.6.0_8187/ide/plugins/com.nxp.mcuxpresso.tools.win32_11.6.0.202112161359/tools/bin/../lib/gcc/arm-none-eabi/10.3.1/../../../../arm-none-eabi/lib/thumb/v8-m.main+fp/hard\libc_nano.a(lib_a-nano-vfprintf.o)
                0x000038b2                __sfputs_r
 .text._printf_common
                0x000038d6       0xe0 d:/nxp/mcuxpressoide_11.6.0_8187/ide/plugins/com.nxp.mcuxpresso.tools.win32_11.6.0.202112161359/tools/bin/../lib/gcc/arm-none-eabi/10.3.1/../../../../arm-none-eabi/lib/thumb/v8-m.main+fp/hard\libc_nano.a(lib_a-nano-vfprintf_i.o)
                0x000038d6                _printf_common
 .text          0x000039b6       0x10 d:/nxp/mcuxpressoide_11.6.0_8187/ide/plugins/com.nxp.mcuxpresso.tools.win32_11.6.0.202112161359/tools/bin/../lib/gcc/arm-none-eabi/10.3.1/../../../../arm-none-eabi/lib/thumb/v8-m.main+fp/hard\libc_nano.a(lib_a-strlen.o)
                0x000039b6                strlen
 .text.abort    0x000039c6        0xe d:/nxp/mcuxpressoide_11.6.0_8187/ide/plugins/com.nxp.mcuxpresso.tools.win32_11.6.0.202112161359/tools/bin/../lib/gcc/arm-none-eabi/10.3.1/../../../../arm-none-eabi/lib/thumb/v8-m.main+fp/hard\libc_nano.a(lib_a-abort.o)
                0x000039c6                abort
 .text.__sfmoreglue
                0x000039d4       0x2c d:/nxp/mcuxpressoide_11.6.0_8187/ide/plugins/com.nxp.mcuxpresso.tools.win32_11.6.0.202112161359/tools/bin/../lib/gcc/arm-none-eabi/10.3.1/../../../../arm-none-eabi/lib/thumb/v8-m.main+fp/hard\libc_nano.a(lib_a-findfp.o)
                0x000039d4                __sfmoreglue
 .text._fwalk_reent
                0x00003a00       0x3e d:/nxp/mcuxpressoide_11.6.0_8187/ide/plugins/com.nxp.mcuxpresso.tools.win32_11.6.0.202112161359/tools/bin/../lib/gcc/arm-none-eabi/10.3.1/../../../../arm-none-eabi/lib/thumb/v8-m.main+fp/hard\libc_nano.a(lib_a-fwalk.o)
                0x00003a00                _fwalk_reent
 .text.__retarget_lock_init_recursive
                0x00003a3e        0x2 d:/nxp/mcuxpressoide_11.6.0_8187/ide/plugins/com.nxp.mcuxpresso.tools.win32_11.6.0.202112161359/tools/bin/../lib/gcc/arm-none-eabi/10.3.1/../../../../arm-none-eabi/lib/thumb/v8-m.main+fp/hard\libc_nano.a(lib_a-lock.o)
                0x00003a3e                __retarget_lock_init_recursive
 .text.__retarget_lock_acquire_recursive
                0x00003a40        0x2 d:/nxp/mcuxpressoide_11.6.0_8187/ide/plugins/com.nxp.mcuxpresso.tools.win32_11.6.0.202112161359/tools/bin/../lib/gcc/arm-none-eabi/10.3.1/../../../../arm-none-eabi/lib/thumb/v8-m.main+fp/hard\libc_nano.a(lib_a-lock.o)
                0x00003a40                __retarget_lock_acquire_recursive
 .text.__retarget_lock_release_recursive
                0x00003a42        0x2 d:/nxp/mcuxpressoide_11.6.0_8187/ide/plugins/com.nxp.mcuxpresso.tools.win32_11.6.0.202112161359/tools/bin/../lib/gcc/arm-none-eabi/10.3.1/../../../../arm-none-eabi/lib/thumb/v8-m.main+fp/hard\libc_nano.a(lib_a-lock.o)
                0x00003a42                __retarget_lock_release_recursive
 .text.__swhatbuf_r
                0x00003a44       0x4a d:/nxp/mcuxpressoide_11.6.0_8187/ide/plugins/com.nxp.mcuxpresso.tools.win32_11.6.0.202112161359/tools/bin/../lib/gcc/arm-none-eabi/10.3.1/../../../../arm-none-eabi/lib/thumb/v8-m.main+fp/hard\libc_nano.a(lib_a-makebuf.o)
                0x00003a44                __swhatbuf_r
 .text.memchr   0x00003a8e       0x1c d:/nxp/mcuxpressoide_11.6.0_8187/ide/plugins/com.nxp.mcuxpresso.tools.win32_11.6.0.202112161359/tools/bin/../lib/gcc/arm-none-eabi/10.3.1/../../../../arm-none-eabi/lib/thumb/v8-m.main+fp/hard\libc_nano.a(lib_a-memchr-stub.o)
                0x00003a8e                memchr
 .text._raise_r
                0x00003aaa       0x50 d:/nxp/mcuxpressoide_11.6.0_8187/ide/plugins/com.nxp.mcuxpresso.tools.win32_11.6.0.202112161359/tools/bin/../lib/gcc/arm-none-eabi/10.3.1/../../../../arm-none-eabi/lib/thumb/v8-m.main+fp/hard\libc_nano.a(lib_a-signal.o)
                0x00003aaa                _raise_r
 .text._getpid_r
                0x00003afa        0x4 d:/nxp/mcuxpressoide_11.6.0_8187/ide/plugins/com.nxp.mcuxpresso.tools.win32_11.6.0.202112161359/tools/bin/../lib/gcc/arm-none-eabi/10.3.1/../../../../arm-none-eabi/lib/thumb/v8-m.main+fp/hard\libc_nano.a(lib_a-signalr.o)
                0x00003afa                _getpid_r
 .text.__sread  0x00003afe       0x22 d:/nxp/mcuxpressoide_11.6.0_8187/ide/plugins/com.nxp.mcuxpresso.tools.win32_11.6.0.202112161359/tools/bin/../lib/gcc/arm-none-eabi/10.3.1/../../../../arm-none-eabi/lib/thumb/v8-m.main+fp/hard\libc_nano.a(lib_a-stdio.o)
                0x00003afe                __sread
 .text.__swrite
                0x00003b20       0x38 d:/nxp/mcuxpressoide_11.6.0_8187/ide/plugins/com.nxp.mcuxpresso.tools.win32_11.6.0.202112161359/tools/bin/../lib/gcc/arm-none-eabi/10.3.1/../../../../arm-none-eabi/lib/thumb/v8-m.main+fp/hard\libc_nano.a(lib_a-stdio.o)
                0x00003b20                __swrite
 .text.__sseek  0x00003b58       0x24 d:/nxp/mcuxpressoide_11.6.0_8187/ide/plugins/com.nxp.mcuxpresso.tools.win32_11.6.0.202112161359/tools/bin/../lib/gcc/arm-none-eabi/10.3.1/../../../../arm-none-eabi/lib/thumb/v8-m.main+fp/hard\libc_nano.a(lib_a-stdio.o)
                0x00003b58                __sseek
 .text.__sclose
                0x00003b7c        0x8 d:/nxp/mcuxpressoide_11.6.0_8187/ide/plugins/com.nxp.mcuxpresso.tools.win32_11.6.0.202112161359/tools/bin/../lib/gcc/arm-none-eabi/10.3.1/../../../../arm-none-eabi/lib/thumb/v8-m.main+fp/hard\libc_nano.a(lib_a-stdio.o)
                0x00003b7c                __sclose
 .text._exit    0x00003b84        0x8 d:/nxp/mcuxpressoide_11.6.0_8187/ide/plugins/com.nxp.mcuxpresso.tools.win32_11.6.0.202112161359/tools/bin/../lib/gcc/arm-none-eabi/10.3.1/../../../../arm-none-eabi/lib/thumb/v8-m.main+fp/hard\libcr_newlib_semihost.a(_exit.o)
                0x00003b84                _exit
 .text.error    0x00003b8c       0x1c d:/nxp/mcuxpressoide_11.6.0_8187/ide/plugins/com.nxp.mcuxpresso.tools.win32_11.6.0.202112161359/tools/bin/../lib/gcc/arm-none-eabi/10.3.1/../../../../arm-none-eabi/lib/thumb/v8-m.main+fp/hard\libcr_newlib_semihost.a(syscalls.o)
 .text.checkerror
                0x00003ba8        0xa d:/nxp/mcuxpressoide_11.6.0_8187/ide/plugins/com.nxp.mcuxpresso.tools.win32_11.6.0.202112161359/tools/bin/../lib/gcc/arm-none-eabi/10.3.1/../../../../arm-none-eabi/lib/thumb/v8-m.main+fp/hard\libcr_newlib_semihost.a(syscalls.o)
 .text._swiread
                0x00003bb2       0x20 d:/nxp/mcuxpressoide_11.6.0_8187/ide/plugins/com.nxp.mcuxpresso.tools.win32_11.6.0.202112161359/tools/bin/../lib/gcc/arm-none-eabi/10.3.1/../../../../arm-none-eabi/lib/thumb/v8-m.main+fp/hard\libcr_newlib_semihost.a(syscalls.o)
                0x00003bb2                _swiread
 .text._read    0x00003bd2       0x36 d:/nxp/mcuxpressoide_11.6.0_8187/ide/plugins/com.nxp.mcuxpresso.tools.win32_11.6.0.202112161359/tools/bin/../lib/gcc/arm-none-eabi/10.3.1/../../../../arm-none-eabi/lib/thumb/v8-m.main+fp/hard\libcr_newlib_semihost.a(syscalls.o)
                0x00003bd2                _read
 .text._swilseek
                0x00003c08       0x78 d:/nxp/mcuxpressoide_11.6.0_8187/ide/plugins/com.nxp.mcuxpresso.tools.win32_11.6.0.202112161359/tools/bin/../lib/gcc/arm-none-eabi/10.3.1/../../../../arm-none-eabi/lib/thumb/v8-m.main+fp/hard\libcr_newlib_semihost.a(syscalls.o)
                0x00003c08                _swilseek
 .text._lseek   0x00003c80        0x4 d:/nxp/mcuxpressoide_11.6.0_8187/ide/plugins/com.nxp.mcuxpresso.tools.win32_11.6.0.202112161359/tools/bin/../lib/gcc/arm-none-eabi/10.3.1/../../../../arm-none-eabi/lib/thumb/v8-m.main+fp/hard\libcr_newlib_semihost.a(syscalls.o)
                0x00003c80                _lseek
 .text._swiwrite
                0x00003c84       0x20 d:/nxp/mcuxpressoide_11.6.0_8187/ide/plugins/com.nxp.mcuxpresso.tools.win32_11.6.0.202112161359/tools/bin/../lib/gcc/arm-none-eabi/10.3.1/../../../../arm-none-eabi/lib/thumb/v8-m.main+fp/hard\libcr_newlib_semihost.a(syscalls.o)
                0x00003c84                _swiwrite
 .text._write   0x00003ca4       0x44 d:/nxp/mcuxpressoide_11.6.0_8187/ide/plugins/com.nxp.mcuxpresso.tools.win32_11.6.0.202112161359/tools/bin/../lib/gcc/arm-none-eabi/10.3.1/../../../../arm-none-eabi/lib/thumb/v8-m.main+fp/hard\libcr_newlib_semihost.a(syscalls.o)
                0x00003ca4                _write
 .text._swiclose
                0x00003ce8       0x1a d:/nxp/mcuxpressoide_11.6.0_8187/ide/plugins/com.nxp.mcuxpresso.tools.win32_11.6.0.202112161359/tools/bin/../lib/gcc/arm-none-eabi/10.3.1/../../../../arm-none-eabi/lib/thumb/v8-m.main+fp/hard\libcr_newlib_semihost.a(syscalls.o)
                0x00003ce8                _swiclose
 .text._getpid  0x00003d02        0x4 d:/nxp/mcuxpressoide_11.6.0_8187/ide/plugins/com.nxp.mcuxpresso.tools.win32_11.6.0.202112161359/tools/bin/../lib/gcc/arm-none-eabi/10.3.1/../../../../arm-none-eabi/lib/thumb/v8-m.main+fp/hard\libcr_newlib_semihost.a(syscalls.o)
                0x00003d02                _getpid
 .text._swistat
                0x00003d06       0x42 d:/nxp/mcuxpressoide_11.6.0_8187/ide/plugins/com.nxp.mcuxpresso.tools.win32_11.6.0.202112161359/tools/bin/../lib/gcc/arm-none-eabi/10.3.1/../../../../arm-none-eabi/lib/thumb/v8-m.main+fp/hard\libcr_newlib_semihost.a(syscalls.o)
                0x00003d06                _swistat
 .text._fstat   0x00003d48       0x1c d:/nxp/mcuxpressoide_11.6.0_8187/ide/plugins/com.nxp.mcuxpresso.tools.win32_11.6.0.202112161359/tools/bin/../lib/gcc/arm-none-eabi/10.3.1/../../../../arm-none-eabi/lib/thumb/v8-m.main+fp/hard\libcr_newlib_semihost.a(syscalls.o)
                0x00003d48                _fstat
 .text._isatty  0x00003d64       0x2a d:/nxp/mcuxpressoide_11.6.0_8187/ide/plugins/com.nxp.mcuxpresso.tools.win32_11.6.0.202112161359/tools/bin/../lib/gcc/arm-none-eabi/10.3.1/../../../../arm-none-eabi/lib/thumb/v8-m.main+fp/hard\libcr_newlib_semihost.a(syscalls.o)
                0x00003d64                _isatty
 *(SORT_BY_ALIGNMENT(.rodata) SORT_BY_ALIGNMENT(.rodata.*) SORT_BY_ALIGNMENT(.constdata) SORT_BY_ALIGNMENT(.constdata.*))
 *fill*         0x00003d8e        0x2 ff
 .rodata.code1.str1.4
                0x00003d90        0xb ./source/main.o
 *fill*         0x00003d9b        0x1 ff
 .rodata.SDK_DelayAtLeastUs.str1.4
                0x00003d9c       0x38 ./drivers/fsl_common.o
 .rodata.__func__.0
                0x00003dd4       0x13 ./drivers/fsl_common.o
 *fill*         0x00003de7        0x1 ff
 .rodata.FLEXCOMM_GetInstance.str1.4
                0x00003de8       0x3f ./drivers/fsl_flexcomm.o
 *fill*         0x00003e27        0x1 ff
 .rodata.FLEXCOMM0_DriverIRQHandler.str1.4
                0x00003e28       0x18 ./drivers/fsl_flexcomm.o
 .rodata.FLEXCOMM1_DriverIRQHandler.str1.4
                0x00003e40       0x18 ./drivers/fsl_flexcomm.o
 .rodata.FLEXCOMM2_DriverIRQHandler.str1.4
                0x00003e58       0x18 ./drivers/fsl_flexcomm.o
 .rodata.FLEXCOMM3_DriverIRQHandler.str1.4
                0x00003e70       0x18 ./drivers/fsl_flexcomm.o
 .rodata.FLEXCOMM4_DriverIRQHandler.str1.4
                0x00003e88       0x18 ./drivers/fsl_flexcomm.o
 .rodata.FLEXCOMM5_DriverIRQHandler.str1.4
                0x00003ea0       0x18 ./drivers/fsl_flexcomm.o
 .rodata.FLEXCOMM6_DriverIRQHandler.str1.4
                0x00003eb8       0x18 ./drivers/fsl_flexcomm.o
 .rodata.FLEXCOMM7_DriverIRQHandler.str1.4
                0x00003ed0       0x18 ./drivers/fsl_flexcomm.o
 .rodata.FLEXCOMM8_DriverIRQHandler.str1.4
                0x00003ee8       0x18 ./drivers/fsl_flexcomm.o
 .rodata.__func__.8
                0x00003f00       0x1b ./drivers/fsl_flexcomm.o
 *fill*         0x00003f1b        0x1 ff
 .rodata.__func__.7
                0x00003f1c       0x1b ./drivers/fsl_flexcomm.o
 *fill*         0x00003f37        0x1 ff
 .rodata.__func__.6
                0x00003f38       0x1b ./drivers/fsl_flexcomm.o
 *fill*         0x00003f53        0x1 ff
 .rodata.__func__.5
                0x00003f54       0x1b ./drivers/fsl_flexcomm.o
 *fill*         0x00003f6f        0x1 ff
 .rodata.__func__.4
                0x00003f70       0x1b ./drivers/fsl_flexcomm.o
 *fill*         0x00003f8b        0x1 ff
 .rodata.__func__.3
                0x00003f8c       0x1b ./drivers/fsl_flexcomm.o
 *fill*         0x00003fa7        0x1 ff
 .rodata.__func__.2
                0x00003fa8       0x1b ./drivers/fsl_flexcomm.o
 *fill*         0x00003fc3        0x1 ff
 .rodata.__func__.1
                0x00003fc4       0x1b ./drivers/fsl_flexcomm.o
 *fill*         0x00003fdf        0x1 ff
 .rodata.__func__.0
                0x00003fe0       0x1b ./drivers/fsl_flexcomm.o
 *fill*         0x00003ffb        0x1 ff
 .rodata.s_gpioClockName
                0x00003ffc        0x8 ./drivers/fsl_gpio.o
 .rodata.s_gpioResets
                0x00004004       0x18 ./drivers/fsl_gpio.o
 .rodata.GPIO_EnablePortClock.str1.4
                0x0000401c       0x2f ./drivers/fsl_gpio.o
 *fill*         0x0000404b        0x1 ff
 .rodata.__func__.0
                0x0000404c       0x15 ./drivers/fsl_gpio.o
 *fill*         0x00004061        0x3 ff
 .rodata.s_pintIRQ
                0x00004064        0xa ./drivers/fsl_pint.o
 *fill*         0x0000406e        0x2 ff
 .rodata.PINT_Init.str1.4
                0x00004070       0x1b ./drivers/fsl_pint.o
 *fill*         0x0000408b        0x1 ff
 .rodata.__func__.9
                0x0000408c        0xa ./drivers/fsl_pint.o
 *fill*         0x00004096        0x2 ff
 .rodata.__func__.8
                0x00004098       0x18 ./drivers/fsl_pint.o
 .rodata.__func__.3
                0x000040b0       0x1b ./drivers/fsl_pint.o
 *fill*         0x000040cb        0x1 ff
 .rodata.RESET_SetPeripheralReset.str1.4
                0x000040cc       0x1c ./drivers/fsl_reset.o
 .rodata.__func__.1
                0x000040e8       0x19 ./drivers/fsl_reset.o
 *fill*         0x00004101        0x3 ff
 .rodata.__func__.0
                0x00004104       0x1b ./drivers/fsl_reset.o
 *fill*         0x0000411f        0x1 ff
 .rodata.dev_read_test.str1.4
                0x00004120       0x13 ./device/target.o
 *fill*         0x00004133        0x1 ff
 .rodata        0x00004134        0x2 ./device/target.o
 *fill*         0x00004136        0x2 ff
 .rodata._global_impure_ptr
                0x00004138        0x4 d:/nxp/mcuxpressoide_11.6.0_8187/ide/plugins/com.nxp.mcuxpresso.tools.win32_11.6.0.202112161359/tools/bin/../lib/gcc/arm-none-eabi/10.3.1/../../../../arm-none-eabi/lib/thumb/v8-m.main+fp/hard\libc_nano.a(lib_a-impure.o)
                0x00004138                _global_impure_ptr
 .rodata.__sf_fake_stderr
                0x0000413c       0x20 d:/nxp/mcuxpressoide_11.6.0_8187/ide/plugins/com.nxp.mcuxpresso.tools.win32_11.6.0.202112161359/tools/bin/../lib/gcc/arm-none-eabi/10.3.1/../../../../arm-none-eabi/lib/thumb/v8-m.main+fp/hard\libc_nano.a(lib_a-findfp.o)
                0x0000413c                __sf_fake_stderr
 .rodata.__sf_fake_stdin
                0x0000415c       0x20 d:/nxp/mcuxpressoide_11.6.0_8187/ide/plugins/com.nxp.mcuxpresso.tools.win32_11.6.0.202112161359/tools/bin/../lib/gcc/arm-none-eabi/10.3.1/../../../../arm-none-eabi/lib/thumb/v8-m.main+fp/hard\libc_nano.a(lib_a-findfp.o)
                0x0000415c                __sf_fake_stdin
 .rodata.__sf_fake_stdout
                0x0000417c       0x20 d:/nxp/mcuxpressoide_11.6.0_8187/ide/plugins/com.nxp.mcuxpresso.tools.win32_11.6.0.202112161359/tools/bin/../lib/gcc/arm-none-eabi/10.3.1/../../../../arm-none-eabi/lib/thumb/v8-m.main+fp/hard\libc_nano.a(lib_a-findfp.o)
                0x0000417c                __sf_fake_stdout
 .rodata.__assert_func.str1.1
                0x0000419c       0x3c d:/nxp/mcuxpressoide_11.6.0_8187/ide/plugins/com.nxp.mcuxpresso.tools.win32_11.6.0.202112161359/tools/bin/../lib/gcc/arm-none-eabi/10.3.1/../../../../arm-none-eabi/lib/thumb/v8-m.main+fp/hard\libc_nano.a(lib_a-assert.o)
                                 0x3d (size before relaxing)
 .rodata._vfprintf_r.str1.1
                0x000041d8       0x11 d:/nxp/mcuxpressoide_11.6.0_8187/ide/plugins/com.nxp.mcuxpresso.tools.win32_11.6.0.202112161359/tools/bin/../lib/gcc/arm-none-eabi/10.3.1/../../../../arm-none-eabi/lib/thumb/v8-m.main+fp/hard\libc_nano.a(lib_a-nano-vfprintf.o)
 .rodata._printf_i.str1.1
                0x000041e9       0x22 d:/nxp/mcuxpressoide_11.6.0_8187/ide/plugins/com.nxp.mcuxpresso.tools.win32_11.6.0.202112161359/tools/bin/../lib/gcc/arm-none-eabi/10.3.1/../../../../arm-none-eabi/lib/thumb/v8-m.main+fp/hard\libc_nano.a(lib_a-nano-vfprintf_i.o)
 .rodata.initialise_monitor_handles.part.0.str1.1
                0x0000420b        0x4 d:/nxp/mcuxpressoide_11.6.0_8187/ide/plugins/com.nxp.mcuxpresso.tools.win32_11.6.0.202112161359/tools/bin/../lib/gcc/arm-none-eabi/10.3.1/../../../../arm-none-eabi/lib/thumb/v8-m.main+fp/hard\libcr_newlib_semihost.a(syscalls.o)
                0x00004210                . = ALIGN (0x4)
 *fill*         0x0000420f        0x1 ff
                0x00004210                _etext = .

.glue_7         0x00004210        0x0
 .glue_7        0x00004210        0x0 linker stubs

.glue_7t        0x00004210        0x0
 .glue_7t       0x00004210        0x0 linker stubs

.vfp11_veneer   0x00004210        0x0
 .vfp11_veneer  0x00004210        0x0 linker stubs

.v4_bx          0x00004210        0x0
 .v4_bx         0x00004210        0x0 linker stubs

.iplt           0x00004210        0x0
 .iplt          0x00004210        0x0 ./startup/startup_lpc55s69_cm33_core0.o

.m_usb_data
 *(SORT_BY_ALIGNMENT(m_usb_global))

.data_RAM2      0x20040000        0x0 load address 0x00004210
 FILL mask 0xff
                [!provide]                PROVIDE (__start_data_RAM2 = .)
                [!provide]                PROVIDE (__start_data_SRAM4 = .)
 *(SORT_BY_ALIGNMENT(.ramfunc.$RAM2))
 *(SORT_BY_ALIGNMENT(.ramfunc.$SRAM4))
 *(SORT_BY_ALIGNMENT(.data.$RAM2))
 *(SORT_BY_ALIGNMENT(.data.$SRAM4))
 *(SORT_BY_ALIGNMENT(.data.$RAM2.*))
 *(SORT_BY_ALIGNMENT(.data.$SRAM4.*))
                0x20040000                . = ALIGN (0x4)
                [!provide]                PROVIDE (__end_data_RAM2 = .)
                [!provide]                PROVIDE (__end_data_SRAM4 = .)

.data_RAM3      0x04000000        0x0 load address 0x00004210
 FILL mask 0xff
                [!provide]                PROVIDE (__start_data_RAM3 = .)
                [!provide]                PROVIDE (__start_data_SRAMX = .)
 *(SORT_BY_ALIGNMENT(.ramfunc.$RAM3))
 *(SORT_BY_ALIGNMENT(.ramfunc.$SRAMX))
 *(SORT_BY_ALIGNMENT(.data.$RAM3))
 *(SORT_BY_ALIGNMENT(.data.$SRAMX))
 *(SORT_BY_ALIGNMENT(.data.$RAM3.*))
 *(SORT_BY_ALIGNMENT(.data.$SRAMX.*))
                0x04000000                . = ALIGN (0x4)
                [!provide]                PROVIDE (__end_data_RAM3 = .)
                [!provide]                PROVIDE (__end_data_SRAMX = .)

.data_RAM4      0x40100000        0x0 load address 0x00004210
 FILL mask 0xff
                [!provide]                PROVIDE (__start_data_RAM4 = .)
                [!provide]                PROVIDE (__start_data_USB_RAM = .)
 *(SORT_BY_ALIGNMENT(.ramfunc.$RAM4))
 *(SORT_BY_ALIGNMENT(.ramfunc.$USB_RAM))
 *(SORT_BY_ALIGNMENT(.data.$RAM4))
 *(SORT_BY_ALIGNMENT(.data.$USB_RAM))
 *(SORT_BY_ALIGNMENT(.data.$RAM4.*))
 *(SORT_BY_ALIGNMENT(.data.$USB_RAM.*))
                0x40100000                . = ALIGN (0x4)
                [!provide]                PROVIDE (__end_data_RAM4 = .)
                [!provide]                PROVIDE (__end_data_USB_RAM = .)

.uninit_RESERVED
                0x20000000        0x0
                0x20000000                _start_uninit_RESERVED = .
 *(SORT_BY_ALIGNMENT(.bss.$RESERVED*))
                0x20000000                . = ALIGN (0x4)
                0x20000000                _end_uninit_RESERVED = .

.data           0x20000000      0x11c load address 0x00004210
 FILL mask 0xff
                0x20000000                _data = .
                [!provide]                PROVIDE (__start_data_RAM = .)
                [!provide]                PROVIDE (__start_data_SRAM = .)
 *(SORT_BY_ALIGNMENT(vtable))
 *(SORT_BY_ALIGNMENT(.ramfunc*))
 *(SORT_BY_ALIGNMENT(CodeQuickAccess))
 *(SORT_BY_ALIGNMENT(DataQuickAccess))
 *(SORT_BY_ALIGNMENT(RamFunction))
 *(SORT_BY_ALIGNMENT(.data*))
 .data.id       0x20000000        0x4 ./kernel/kernel.o
 .data.s_Ext_Clk_Freq
                0x20000004        0x4 ./drivers/fsl_clock.o
 .data.SystemCoreClock
                0x20000008        0x4 ./device/system_LPC55S69_cm33_core0.o
                0x20000008                SystemCoreClock
 .data.dev_test
                0x2000000c       0x34 ./device/target.o
                0x2000000c                dev_test
 .data.dev_leds
                0x20000040       0x34 ./device/target.o
                0x20000040                dev_leds
 .data.dev_swuser
                0x20000074       0x34 ./device/target.o
                0x20000074                dev_swuser
 .data.device_table
                0x200000a8       0x10 ./device/target.o
                0x200000a8                device_table
 .data._impure_ptr
                0x200000b8        0x4 d:/nxp/mcuxpressoide_11.6.0_8187/ide/plugins/com.nxp.mcuxpresso.tools.win32_11.6.0.202112161359/tools/bin/../lib/gcc/arm-none-eabi/10.3.1/../../../../arm-none-eabi/lib/thumb/v8-m.main+fp/hard\libc_nano.a(lib_a-impure.o)
                0x200000b8                _impure_ptr
 .data.impure_data
                0x200000bc       0x60 d:/nxp/mcuxpressoide_11.6.0_8187/ide/plugins/com.nxp.mcuxpresso.tools.win32_11.6.0.202112161359/tools/bin/../lib/gcc/arm-none-eabi/10.3.1/../../../../arm-none-eabi/lib/thumb/v8-m.main+fp/hard\libc_nano.a(lib_a-impure.o)
                0x2000011c                . = ALIGN (0x4)
                0x2000011c                _edata = .
                [!provide]                PROVIDE (__end_data_RAM = .)
                [!provide]                PROVIDE (__end_data_SRAM = .)

.igot.plt       0x2000011c        0x0 load address 0x0000432c
 .igot.plt      0x2000011c        0x0 ./startup/startup_lpc55s69_cm33_core0.o

.bss_RAM2       0x20040000        0x0
                [!provide]                PROVIDE (__start_bss_RAM2 = .)
                [!provide]                PROVIDE (__start_bss_SRAM4 = .)
 *(SORT_BY_ALIGNMENT(.bss.$RAM2))
 *(SORT_BY_ALIGNMENT(.bss.$SRAM4))
 *(SORT_BY_ALIGNMENT(.bss.$RAM2.*))
 *(SORT_BY_ALIGNMENT(.bss.$SRAM4.*))
                0x20040000                . = ALIGN ((. != 0x0)?0x4:0x1)
                [!provide]                PROVIDE (__end_bss_RAM2 = .)
                [!provide]                PROVIDE (__end_bss_SRAM4 = .)

.bss_RAM3       0x04000000        0x0
                [!provide]                PROVIDE (__start_bss_RAM3 = .)
                [!provide]                PROVIDE (__start_bss_SRAMX = .)
 *(SORT_BY_ALIGNMENT(.bss.$RAM3))
 *(SORT_BY_ALIGNMENT(.bss.$SRAMX))
 *(SORT_BY_ALIGNMENT(.bss.$RAM3.*))
 *(SORT_BY_ALIGNMENT(.bss.$SRAMX.*))
                0x04000000                . = ALIGN ((. != 0x0)?0x4:0x1)
                [!provide]                PROVIDE (__end_bss_RAM3 = .)
                [!provide]                PROVIDE (__end_bss_SRAMX = .)

.bss_RAM4       0x40100000        0x0
                [!provide]                PROVIDE (__start_bss_RAM4 = .)
                [!provide]                PROVIDE (__start_bss_USB_RAM = .)
 *(SORT_BY_ALIGNMENT(.bss.$RAM4))
 *(SORT_BY_ALIGNMENT(.bss.$USB_RAM))
 *(SORT_BY_ALIGNMENT(.bss.$RAM4.*))
 *(SORT_BY_ALIGNMENT(.bss.$USB_RAM.*))
                0x40100000                . = ALIGN ((. != 0x0)?0x4:0x1)
                [!provide]                PROVIDE (__end_bss_RAM4 = .)
                [!provide]                PROVIDE (__end_bss_USB_RAM = .)

.bss            0x2000011c      0x120
                0x2000011c                _bss = .
                [!provide]                PROVIDE (__start_bss_RAM = .)
                [!provide]                PROVIDE (__start_bss_SRAM = .)
 *(SORT_BY_ALIGNMENT(.bss*))
 .bss.tsk_running
                0x2000011c        0x4 ./kernel/kernel.o
                0x2000011c                tsk_running
 .bss.tsk_prev  0x20000120        0x4 ./kernel/kernel.o
                0x20000120                tsk_prev
 .bss.sys_tick_cnt
                0x20000124        0x4 ./kernel/kernel.o
                0x20000124                sys_tick_cnt
 .bss.s_Pll0_Freq
                0x20000128        0x4 ./drivers/fsl_clock.o
 .bss.s_flexcommIrqHandler
                0x2000012c       0x24 ./drivers/fsl_flexcomm.o
 .bss.s_flexcommHandle
                0x20000150       0x24 ./drivers/fsl_flexcomm.o
 .bss.s_secpintCallback
                0x20000174        0x8 ./drivers/fsl_pint.o
 .bss.s_pintCallback
                0x2000017c       0x20 ./drivers/fsl_pint.o
 .bss.opened_fds
                0x2000019c       0x50 ./device/vfs.o
                0x2000019c                opened_fds
 .bss.vfs_mutex
                0x200001ec        0x4 ./device/vfs.o
                0x200001ec                vfs_mutex
 .bss.__malloc_free_list
                0x200001f0        0x4 d:/nxp/mcuxpressoide_11.6.0_8187/ide/plugins/com.nxp.mcuxpresso.tools.win32_11.6.0.202112161359/tools/bin/../lib/gcc/arm-none-eabi/10.3.1/../../../../arm-none-eabi/lib/thumb/v8-m.main+fp/hard\libc_nano.a(lib_a-nano-mallocr.o)
                0x200001f0                __malloc_free_list
 .bss.__malloc_sbrk_start
                0x200001f4        0x4 d:/nxp/mcuxpressoide_11.6.0_8187/ide/plugins/com.nxp.mcuxpresso.tools.win32_11.6.0.202112161359/tools/bin/../lib/gcc/arm-none-eabi/10.3.1/../../../../arm-none-eabi/lib/thumb/v8-m.main+fp/hard\libc_nano.a(lib_a-nano-mallocr.o)
                0x200001f4                __malloc_sbrk_start
 .bss.errno     0x200001f8        0x4 d:/nxp/mcuxpressoide_11.6.0_8187/ide/plugins/com.nxp.mcuxpresso.tools.win32_11.6.0.202112161359/tools/bin/../lib/gcc/arm-none-eabi/10.3.1/../../../../arm-none-eabi/lib/thumb/v8-m.main+fp/hard\libc_nano.a(lib_a-reent.o)
                0x200001f8                errno
 .bss.__end_of_heap
                0x200001fc        0x4 d:/nxp/mcuxpressoide_11.6.0_8187/ide/plugins/com.nxp.mcuxpresso.tools.win32_11.6.0.202112161359/tools/bin/../lib/gcc/arm-none-eabi/10.3.1/../../../../arm-none-eabi/lib/thumb/v8-m.main+fp/hard\libcr_newlib_semihost.a(_cr_sbrk.o)
                0x200001fc                __end_of_heap
 .bss.initialized.0
                0x20000200        0x4 d:/nxp/mcuxpressoide_11.6.0_8187/ide/plugins/com.nxp.mcuxpresso.tools.win32_11.6.0.202112161359/tools/bin/../lib/gcc/arm-none-eabi/10.3.1/../../../../arm-none-eabi/lib/thumb/v8-m.main+fp/hard\libcr_newlib_semihost.a(syscalls.o)
 .bss.monitor_stderr
                0x20000204        0x4 d:/nxp/mcuxpressoide_11.6.0_8187/ide/plugins/com.nxp.mcuxpresso.tools.win32_11.6.0.202112161359/tools/bin/../lib/gcc/arm-none-eabi/10.3.1/../../../../arm-none-eabi/lib/thumb/v8-m.main+fp/hard\libcr_newlib_semihost.a(syscalls.o)
 .bss.monitor_stdin
                0x20000208        0x4 d:/nxp/mcuxpressoide_11.6.0_8187/ide/plugins/com.nxp.mcuxpresso.tools.win32_11.6.0.202112161359/tools/bin/../lib/gcc/arm-none-eabi/10.3.1/../../../../arm-none-eabi/lib/thumb/v8-m.main+fp/hard\libcr_newlib_semihost.a(syscalls.o)
 .bss.monitor_stdout
                0x2000020c        0x4 d:/nxp/mcuxpressoide_11.6.0_8187/ide/plugins/com.nxp.mcuxpresso.tools.win32_11.6.0.202112161359/tools/bin/../lib/gcc/arm-none-eabi/10.3.1/../../../../arm-none-eabi/lib/thumb/v8-m.main+fp/hard\libcr_newlib_semihost.a(syscalls.o)
 .bss.openfiles
                0x20000210       0x28 d:/nxp/mcuxpressoide_11.6.0_8187/ide/plugins/com.nxp.mcuxpresso.tools.win32_11.6.0.202112161359/tools/bin/../lib/gcc/arm-none-eabi/10.3.1/../../../../arm-none-eabi/lib/thumb/v8-m.main+fp/hard\libcr_newlib_semihost.a(syscalls.o)
 .bss.__lock___malloc_recursive_mutex
                0x20000238        0x1 d:/nxp/mcuxpressoide_11.6.0_8187/ide/plugins/com.nxp.mcuxpresso.tools.win32_11.6.0.202112161359/tools/bin/../lib/gcc/arm-none-eabi/10.3.1/../../../../arm-none-eabi/lib/thumb/v8-m.main+fp/hard\libc_nano.a(lib_a-lock.o)
                0x20000238                __lock___malloc_recursive_mutex
 .bss.__lock___sfp_recursive_mutex
                0x20000239        0x1 d:/nxp/mcuxpressoide_11.6.0_8187/ide/plugins/com.nxp.mcuxpresso.tools.win32_11.6.0.202112161359/tools/bin/../lib/gcc/arm-none-eabi/10.3.1/../../../../arm-none-eabi/lib/thumb/v8-m.main+fp/hard\libc_nano.a(lib_a-lock.o)
                0x20000239                __lock___sfp_recursive_mutex
 .bss.__lock___sinit_recursive_mutex
                0x2000023a        0x1 d:/nxp/mcuxpressoide_11.6.0_8187/ide/plugins/com.nxp.mcuxpresso.tools.win32_11.6.0.202112161359/tools/bin/../lib/gcc/arm-none-eabi/10.3.1/../../../../arm-none-eabi/lib/thumb/v8-m.main+fp/hard\libc_nano.a(lib_a-lock.o)
                0x2000023a                __lock___sinit_recursive_mutex
 *(SORT_BY_ALIGNMENT(COMMON))
                0x2000023c                . = ALIGN (0x4)
 *fill*         0x2000023b        0x1 
                0x2000023c                _ebss = .
                [!provide]                PROVIDE (__end_bss_RAM = .)
                [!provide]                PROVIDE (__end_bss_SRAM = .)
                [!provide]                PROVIDE (end = .)

.noinit_RAM2    0x20040000        0x0
                [!provide]                PROVIDE (__start_noinit_RAM2 = .)
                [!provide]                PROVIDE (__start_noinit_SRAM4 = .)
 *(SORT_BY_ALIGNMENT(.noinit.$RAM2))
 *(SORT_BY_ALIGNMENT(.noinit.$SRAM4))
 *(SORT_BY_ALIGNMENT(.noinit.$RAM2.*))
 *(SORT_BY_ALIGNMENT(.noinit.$SRAM4.*))
                0x20040000                . = ALIGN (0x4)
                [!provide]                PROVIDE (__end_noinit_RAM2 = .)
                [!provide]                PROVIDE (__end_noinit_SRAM4 = .)

.noinit_RAM3    0x04000000        0x0
                [!provide]                PROVIDE (__start_noinit_RAM3 = .)
                [!provide]                PROVIDE (__start_noinit_SRAMX = .)
 *(SORT_BY_ALIGNMENT(.noinit.$RAM3))
 *(SORT_BY_ALIGNMENT(.noinit.$SRAMX))
 *(SORT_BY_ALIGNMENT(.noinit.$RAM3.*))
 *(SORT_BY_ALIGNMENT(.noinit.$SRAMX.*))
                0x04000000                . = ALIGN (0x4)
                [!provide]                PROVIDE (__end_noinit_RAM3 = .)
                [!provide]                PROVIDE (__end_noinit_SRAMX = .)

.noinit_RAM4    0x40100000        0x0
                [!provide]                PROVIDE (__start_noinit_RAM4 = .)
                [!provide]                PROVIDE (__start_noinit_USB_RAM = .)
 *(SORT_BY_ALIGNMENT(.noinit.$RAM4))
 *(SORT_BY_ALIGNMENT(.noinit.$USB_RAM))
 *(SORT_BY_ALIGNMENT(.noinit.$RAM4.*))
 *(SORT_BY_ALIGNMENT(.noinit.$USB_RAM.*))
                0x40100000                . = ALIGN (0x4)
                [!provide]                PROVIDE (__end_noinit_RAM4 = .)
                [!provide]                PROVIDE (__end_noinit_USB_RAM = .)

.noinit         0x2000023c        0x0
                0x2000023c                _noinit = .
                [!provide]                PROVIDE (__start_noinit_RAM = .)
                [!provide]                PROVIDE (__start_noinit_SRAM = .)
 *(SORT_BY_ALIGNMENT(.noinit*))
                0x2000023c                . = ALIGN (0x4)
                0x2000023c                _end_noinit = .
                [!provide]                PROVIDE (__end_noinit_RAM = .)
                [!provide]                PROVIDE (__end_noinit_SRAM = .)

.ARM.extab
 *(SORT_BY_ALIGNMENT(.ARM.extab*) SORT_BY_ALIGNMENT(.gnu.linkonce.armextab.*))

.ARM.exidx      0x0000432c        0x8
                0x0000432c                __exidx_start = .
 *(SORT_BY_ALIGNMENT(.ARM.exidx*) SORT_BY_ALIGNMENT(.gnu.linkonce.armexidx.*))
 .ARM.exidx     0x0000432c        0x8 d:/nxp/mcuxpressoide_11.6.0_8187/ide/plugins/com.nxp.mcuxpresso.tools.win32_11.6.0.202112161359/tools/bin/../lib/gcc/arm-none-eabi/10.3.1/thumb/v8-m.main+fp/hard\libgcc.a(_udivmoddi4.o)
                0x00004334                __exidx_end = .
                0x00001000                _HeapSize = 0x1000

.rel.dyn        0x00004334        0x0
 .rel.iplt      0x00004334        0x0 ./startup/startup_lpc55s69_cm33_core0.o

.heap           0x2000023c     0x1000
                0x2000023c                _pvHeapStart = .
                0x2000123c                . = (. + _HeapSize)
 *fill*         0x2000023c     0x1000 
                0x2000123c                . = ALIGN (0x4)
                0x2000123c                _pvHeapLimit = .
                0x00001000                _StackSize = 0x1000

.heap2stackfill
                0x2000123c     0x1000
                0x2000223c                . = (. + _StackSize)
 *fill*         0x2000123c     0x1000 

.stack          0x2003f000        0x0
                0x2003f000                _vStackBase = .
                0x2003f000                . = ALIGN (0x4)
                0x20040000                _vStackTop = (. + _StackSize)
                [!provide]                PROVIDE (__valid_user_code_checksum = (0x0 - ((((((_vStackTop + (ResetISR + 0x1)) + (NMI_Handler + 0x1)) + (HardFault_Handler + 0x1)) + (DEFINED (MemManage_Handler)?MemManage_Handler:0x0 + 0x1)) + (DEFINED (BusFault_Handler)?BusFault_Handler:0x0 + 0x1)) + (DEFINED (UsageFault_Handler)?UsageFault_Handler:0x0 + 0x1))))
                0x00000000                _image_start = LOADADDR (.text)
                0x0000432c                _image_end = (LOADADDR (.data) + SIZEOF (.data))
                0x0000432c                _image_size = (_image_end - _image_start)
OUTPUT(LPC55S69_OS.src.axf elf32-littlearm)
LOAD linker stubs

.debug_info     0x00000000    0x18fa2
 .debug_info    0x00000000     0x10e6 ./startup/startup_lpc55s69_cm33_core0.o
 .debug_info    0x000010e6       0x22 ./startup/svc.o
 .debug_info    0x00001108      0x163 ./source/main.o
 .debug_info    0x0000126b      0x2b1 ./source/oslib.o
 .debug_info    0x0000151c       0x3c ./source/semihost_hardfault.o
 .debug_info    0x00001558      0xe1e ./kernel/kernel.o
 .debug_info    0x00002376      0x30f ./kernel/list.o
 .debug_info    0x00002685     0x3296 ./drivers/fsl_clock.o
 .debug_info    0x0000591b      0x281 ./drivers/fsl_common.o
 .debug_info    0x00005b9c     0x1ac8 ./drivers/fsl_flexcomm.o
 .debug_info    0x00007664     0x173c ./drivers/fsl_gpio.o
 .debug_info    0x00008da0     0x1e33 ./drivers/fsl_inputmux.o
 .debug_info    0x0000abd3     0x2369 ./drivers/fsl_pint.o
 .debug_info    0x0000cf3c      0xf14 ./drivers/fsl_reset.o
 .debug_info    0x0000de50     0x1366 ./device/system_LPC55S69_cm33_core0.o
 .debug_info    0x0000f1b6     0x2244 ./device/target.o
 .debug_info    0x000113fa      0x827 ./device/vfs.o
 .debug_info    0x00011c21      0x8e0 ./board/board.o
 .debug_info    0x00012501     0x15a6 ./board/clock_config.o
 .debug_info    0x00013aa7       0xa9 ./board/peripherals.o
 .debug_info    0x00013b50     0x1e4d ./board/pin_mux.o
 .debug_info    0x0001599d     0x3605 D:\Users\Nacho\Documentos\FACULTAD\ENIB\SEN\OS\LPC55S69_OS.src\LPC55S69\mcuxpresso\libpower_hardabi.a(fsl_power_lib.o)

.debug_abbrev   0x00000000     0x290d
 .debug_abbrev  0x00000000      0x265 ./startup/startup_lpc55s69_cm33_core0.o
 .debug_abbrev  0x00000265       0x12 ./startup/svc.o
 .debug_abbrev  0x00000277       0xa2 ./source/main.o
 .debug_abbrev  0x00000319      0x11e ./source/oslib.o
 .debug_abbrev  0x00000437       0x31 ./source/semihost_hardfault.o
 .debug_abbrev  0x00000468      0x32b ./kernel/kernel.o
 .debug_abbrev  0x00000793      0x138 ./kernel/list.o
 .debug_abbrev  0x000008cb      0x367 ./drivers/fsl_clock.o
 .debug_abbrev  0x00000c32      0x175 ./drivers/fsl_common.o
 .debug_abbrev  0x00000da7      0x2cd ./drivers/fsl_flexcomm.o
 .debug_abbrev  0x00001074      0x21d ./drivers/fsl_gpio.o
 .debug_abbrev  0x00001291      0x1d7 ./drivers/fsl_inputmux.o
 .debug_abbrev  0x00001468      0x2e7 ./drivers/fsl_pint.o
 .debug_abbrev  0x0000174f      0x14d ./drivers/fsl_reset.o
 .debug_abbrev  0x0000189c      0x1fa ./device/system_LPC55S69_cm33_core0.o
 .debug_abbrev  0x00001a96      0x2af ./device/target.o
 .debug_abbrev  0x00001d45      0x1d2 ./device/vfs.o
 .debug_abbrev  0x00001f17      0x104 ./board/board.o
 .debug_abbrev  0x0000201b      0x1ea ./board/clock_config.o
 .debug_abbrev  0x00002205       0x61 ./board/peripherals.o
 .debug_abbrev  0x00002266      0x213 ./board/pin_mux.o
 .debug_abbrev  0x00002479      0x494 D:\Users\Nacho\Documentos\FACULTAD\ENIB\SEN\OS\LPC55S69_OS.src\LPC55S69\mcuxpresso\libpower_hardabi.a(fsl_power_lib.o)

.debug_aranges  0x00000000      0xc00
 .debug_aranges
                0x00000000      0x270 ./startup/startup_lpc55s69_cm33_core0.o
 .debug_aranges
                0x00000270       0x28 ./startup/svc.o
 .debug_aranges
                0x00000298       0x38 ./source/main.o
 .debug_aranges
                0x000002d0       0x78 ./source/oslib.o
 .debug_aranges
                0x00000348       0x20 ./source/semihost_hardfault.o
 .debug_aranges
                0x00000368       0x98 ./kernel/kernel.o
 .debug_aranges
                0x00000400       0x48 ./kernel/list.o
 .debug_aranges
                0x00000448      0x220 ./drivers/fsl_clock.o
 .debug_aranges
                0x00000668       0x38 ./drivers/fsl_common.o
 .debug_aranges
                0x000006a0       0x90 ./drivers/fsl_flexcomm.o
 .debug_aranges
                0x00000730       0x38 ./drivers/fsl_gpio.o
 .debug_aranges
                0x00000768       0x40 ./drivers/fsl_inputmux.o
 .debug_aranges
                0x000007a8      0x118 ./drivers/fsl_pint.o
 .debug_aranges
                0x000008c0       0x30 ./drivers/fsl_reset.o
 .debug_aranges
                0x000008f0       0x88 ./device/system_LPC55S69_cm33_core0.o
 .debug_aranges
                0x00000978       0xa0 ./device/target.o
 .debug_aranges
                0x00000a18       0x68 ./device/vfs.o
 .debug_aranges
                0x00000a80       0x30 ./board/board.o
 .debug_aranges
                0x00000ab0       0x50 ./board/clock_config.o
 .debug_aranges
                0x00000b00       0x28 ./board/peripherals.o
 .debug_aranges
                0x00000b28       0x40 ./board/pin_mux.o
 .debug_aranges
                0x00000b68       0x98 D:\Users\Nacho\Documentos\FACULTAD\ENIB\SEN\OS\LPC55S69_OS.src\LPC55S69\mcuxpresso\libpower_hardabi.a(fsl_power_lib.o)

.debug_ranges   0x00000000      0xc10
 .debug_ranges  0x00000000      0x260 ./startup/startup_lpc55s69_cm33_core0.o
 .debug_ranges  0x00000260       0x20 ./startup/svc.o
 .debug_ranges  0x00000280       0x28 ./source/main.o
 .debug_ranges  0x000002a8       0x68 ./source/oslib.o
 .debug_ranges  0x00000310       0x10 ./source/semihost_hardfault.o
 .debug_ranges  0x00000320       0x88 ./kernel/kernel.o
 .debug_ranges  0x000003a8       0x38 ./kernel/list.o
 .debug_ranges  0x000003e0      0x210 ./drivers/fsl_clock.o
 .debug_ranges  0x000005f0       0x28 ./drivers/fsl_common.o
 .debug_ranges  0x00000618       0x80 ./drivers/fsl_flexcomm.o
 .debug_ranges  0x00000698       0x28 ./drivers/fsl_gpio.o
 .debug_ranges  0x000006c0       0x30 ./drivers/fsl_inputmux.o
 .debug_ranges  0x000006f0      0x108 ./drivers/fsl_pint.o
 .debug_ranges  0x000007f8       0x20 ./drivers/fsl_reset.o
 .debug_ranges  0x00000818       0x78 ./device/system_LPC55S69_cm33_core0.o
 .debug_ranges  0x00000890       0x90 ./device/target.o
 .debug_ranges  0x00000920       0x58 ./device/vfs.o
 .debug_ranges  0x00000978       0x20 ./board/board.o
 .debug_ranges  0x00000998       0x40 ./board/clock_config.o
 .debug_ranges  0x000009d8       0x18 ./board/peripherals.o
 .debug_ranges  0x000009f0       0x30 ./board/pin_mux.o
 .debug_ranges  0x00000a20      0x1f0 D:\Users\Nacho\Documentos\FACULTAD\ENIB\SEN\OS\LPC55S69_OS.src\LPC55S69\mcuxpresso\libpower_hardabi.a(fsl_power_lib.o)

.debug_macro    0x00000000     0x3742
 .debug_macro   0x00000000      0x273 ./startup/startup_lpc55s69_cm33_core0.o
 .debug_macro   0x00000273       0x10 ./startup/startup_lpc55s69_cm33_core0.o
 .debug_macro   0x00000283       0x2f ./startup/startup_lpc55s69_cm33_core0.o
 .debug_macro   0x000002b2       0x10 ./startup/startup_lpc55s69_cm33_core0.o
 .debug_macro   0x000002c2       0xf6 ./startup/startup_lpc55s69_cm33_core0.o
 .debug_macro   0x000003b8      0x25c ./startup/startup_lpc55s69_cm33_core0.o
 .debug_macro   0x00000614       0x5e ./startup/startup_lpc55s69_cm33_core0.o
 .debug_macro   0x00000672      0x31d ./source/main.o
 .debug_macro   0x0000098f       0x16 ./source/main.o
 .debug_macro   0x000009a5       0x97 ./source/main.o
 .debug_macro   0x00000a3c       0xfd ./source/main.o
 .debug_macro   0x00000b39       0x10 ./source/main.o
 .debug_macro   0x00000b49       0x76 ./source/main.o
 .debug_macro   0x00000bbf      0x24d ./source/oslib.o
 .debug_macro   0x00000e0c       0x11 ./source/semihost_hardfault.o
 .debug_macro   0x00000e1d      0x24e ./kernel/kernel.o
 .debug_macro   0x0000106b      0x312 ./kernel/list.o
 .debug_macro   0x0000137d      0x2b5 ./drivers/fsl_clock.o
 .debug_macro   0x00001632      0x2fe ./drivers/fsl_clock.o
 .debug_macro   0x00001930      0x212 ./drivers/fsl_common.o
 .debug_macro   0x00001b42      0x215 ./drivers/fsl_flexcomm.o
 .debug_macro   0x00001d57       0x10 ./drivers/fsl_flexcomm.o
 .debug_macro   0x00001d67      0x21c ./drivers/fsl_gpio.o
 .debug_macro   0x00001f83      0x21f ./drivers/fsl_inputmux.o
 .debug_macro   0x000021a2       0x8e ./drivers/fsl_inputmux.o
 .debug_macro   0x00002230      0x21b ./drivers/fsl_pint.o
 .debug_macro   0x0000244b       0x70 ./drivers/fsl_pint.o
 .debug_macro   0x000024bb      0x20c ./drivers/fsl_reset.o
 .debug_macro   0x000026c7       0xa9 ./device/system_LPC55S69_cm33_core0.o
 .debug_macro   0x00002770      0x282 ./device/target.o
 .debug_macro   0x000029f2       0x76 ./device/target.o
 .debug_macro   0x00002a68       0x88 ./device/target.o
 .debug_macro   0x00002af0       0x16 ./device/target.o
 .debug_macro   0x00002b06      0x256 ./device/vfs.o
 .debug_macro   0x00002d5c      0x338 ./board/board.o
 .debug_macro   0x00003094       0x16 ./board/board.o
 .debug_macro   0x000030aa       0x35 ./board/board.o
 .debug_macro   0x000030df      0x222 ./board/clock_config.o
 .debug_macro   0x00003301      0x210 ./board/peripherals.o
 .debug_macro   0x00003511      0x231 ./board/pin_mux.o

.debug_line     0x00000000     0xc2af
 .debug_line    0x00000000      0xdb5 ./startup/startup_lpc55s69_cm33_core0.o
 .debug_line    0x00000db5       0x76 ./startup/svc.o
 .debug_line    0x00000e2b      0x7b3 ./source/main.o
 .debug_line    0x000015de      0x75e ./source/oslib.o
 .debug_line    0x00001d3c       0x59 ./source/semihost_hardfault.o
 .debug_line    0x00001d95      0x981 ./kernel/kernel.o
 .debug_line    0x00002716      0x892 ./kernel/list.o
 .debug_line    0x00002fa8     0x1a30 ./drivers/fsl_clock.o
 .debug_line    0x000049d8      0x673 ./drivers/fsl_common.o
 .debug_line    0x0000504b      0x859 ./drivers/fsl_flexcomm.o
 .debug_line    0x000058a4      0x63e ./drivers/fsl_gpio.o
 .debug_line    0x00005ee2      0x663 ./drivers/fsl_inputmux.o
 .debug_line    0x00006545      0xeb4 ./drivers/fsl_pint.o
 .debug_line    0x000073f9      0x62b ./drivers/fsl_reset.o
 .debug_line    0x00007a24      0x627 ./device/system_LPC55S69_cm33_core0.o
 .debug_line    0x0000804b      0xaa2 ./device/target.o
 .debug_line    0x00008aed      0x820 ./device/vfs.o
 .debug_line    0x0000930d      0x876 ./board/board.o
 .debug_line    0x00009b83      0x75e ./board/clock_config.o
 .debug_line    0x0000a2e1      0x604 ./board/peripherals.o
 .debug_line    0x0000a8e5      0x750 ./board/pin_mux.o
 .debug_line    0x0000b035     0x127a D:\Users\Nacho\Documentos\FACULTAD\ENIB\SEN\OS\LPC55S69_OS.src\LPC55S69\mcuxpresso\libpower_hardabi.a(fsl_power_lib.o)

.debug_str      0x00000000    0xbd928
 .debug_str     0x00000000    0xb1563 ./startup/startup_lpc55s69_cm33_core0.o
                              0xb184f (size before relaxing)
 .debug_str     0x000b1563       0x1f ./startup/svc.o
                                 0x64 (size before relaxing)
 .debug_str     0x000b1582     0x1263 ./source/main.o
                              0xb13ec (size before relaxing)
 .debug_str     0x000b27e5       0x4a ./source/oslib.o
                              0xb0372 (size before relaxing)
 .debug_str     0x000b282f       0x1f ./source/semihost_hardfault.o
                               0x2e1f (size before relaxing)
 .debug_str     0x000b284e      0x1b7 ./kernel/kernel.o
                              0xb11ee (size before relaxing)
 .debug_str     0x000b2a05       0x80 ./kernel/list.o
                              0xb1347 (size before relaxing)
 .debug_str     0x000b2a85     0x42f4 ./drivers/fsl_clock.o
                              0xb35c3 (size before relaxing)
 .debug_str     0x000b6d79      0x138 ./drivers/fsl_common.o
                              0xaea85 (size before relaxing)